Archive member included to satisfy reference by file (symbol)

C:/ST/STM32CubeIDE_1.13.1/STM32CubeIDE/plugins/com.st.stm32cube.ide.mcu.externaltools.gnu-tools-for-stm32.13.3.rel1.win32_1.0.0.202411081344/tools/bin/../lib/gcc/arm-none-eabi/13.3.1/../../../../arm-none-eabi/lib/thumb/v7e-m+fp/hard\libc_nano.a(libc_a-exit.o)
                              C:/ST/STM32CubeIDE_1.13.1/STM32CubeIDE/plugins/com.st.stm32cube.ide.mcu.externaltools.gnu-tools-for-stm32.13.3.rel1.win32_1.0.0.202411081344/tools/bin/../lib/gcc/arm-none-eabi/13.3.1/../../../../arm-none-eabi/lib/thumb/v7e-m+fp/hard/crt0.o (exit)
C:/ST/STM32CubeIDE_1.13.1/STM32CubeIDE/plugins/com.st.stm32cube.ide.mcu.externaltools.gnu-tools-for-stm32.13.3.rel1.win32_1.0.0.202411081344/tools/bin/../lib/gcc/arm-none-eabi/13.3.1/../../../../arm-none-eabi/lib/thumb/v7e-m+fp/hard\libc_nano.a(libc_a-findfp.o)
                              C:/ST/STM32CubeIDE_1.13.1/STM32CubeIDE/plugins/com.st.stm32cube.ide.mcu.externaltools.gnu-tools-for-stm32.13.3.rel1.win32_1.0.0.202411081344/tools/bin/../lib/gcc/arm-none-eabi/13.3.1/../../../../arm-none-eabi/lib/thumb/v7e-m+fp/hard\libc_nano.a(libc_a-exit.o) (__stdio_exit_handler)
C:/ST/STM32CubeIDE_1.13.1/STM32CubeIDE/plugins/com.st.stm32cube.ide.mcu.externaltools.gnu-tools-for-stm32.13.3.rel1.win32_1.0.0.202411081344/tools/bin/../lib/gcc/arm-none-eabi/13.3.1/../../../../arm-none-eabi/lib/thumb/v7e-m+fp/hard\libc_nano.a(libc_a-fwalk.o)
                              C:/ST/STM32CubeIDE_1.13.1/STM32CubeIDE/plugins/com.st.stm32cube.ide.mcu.externaltools.gnu-tools-for-stm32.13.3.rel1.win32_1.0.0.202411081344/tools/bin/../lib/gcc/arm-none-eabi/13.3.1/../../../../arm-none-eabi/lib/thumb/v7e-m+fp/hard\libc_nano.a(libc_a-findfp.o) (_fwalk_sglue)
C:/ST/STM32CubeIDE_1.13.1/STM32CubeIDE/plugins/com.st.stm32cube.ide.mcu.externaltools.gnu-tools-for-stm32.13.3.rel1.win32_1.0.0.202411081344/tools/bin/../lib/gcc/arm-none-eabi/13.3.1/../../../../arm-none-eabi/lib/thumb/v7e-m+fp/hard\libc_nano.a(libc_a-stdio.o)
                              C:/ST/STM32CubeIDE_1.13.1/STM32CubeIDE/plugins/com.st.stm32cube.ide.mcu.externaltools.gnu-tools-for-stm32.13.3.rel1.win32_1.0.0.202411081344/tools/bin/../lib/gcc/arm-none-eabi/13.3.1/../../../../arm-none-eabi/lib/thumb/v7e-m+fp/hard\libc_nano.a(libc_a-findfp.o) (__sread)
C:/ST/STM32CubeIDE_1.13.1/STM32CubeIDE/plugins/com.st.stm32cube.ide.mcu.externaltools.gnu-tools-for-stm32.13.3.rel1.win32_1.0.0.202411081344/tools/bin/../lib/gcc/arm-none-eabi/13.3.1/../../../../arm-none-eabi/lib/thumb/v7e-m+fp/hard\libc_nano.a(libc_a-memset.o)
                              C:/ST/STM32CubeIDE_1.13.1/STM32CubeIDE/plugins/com.st.stm32cube.ide.mcu.externaltools.gnu-tools-for-stm32.13.3.rel1.win32_1.0.0.202411081344/tools/bin/../lib/gcc/arm-none-eabi/13.3.1/../../../../arm-none-eabi/lib/thumb/v7e-m+fp/hard/crt0.o (memset)
C:/ST/STM32CubeIDE_1.13.1/STM32CubeIDE/plugins/com.st.stm32cube.ide.mcu.externaltools.gnu-tools-for-stm32.13.3.rel1.win32_1.0.0.202411081344/tools/bin/../lib/gcc/arm-none-eabi/13.3.1/../../../../arm-none-eabi/lib/thumb/v7e-m+fp/hard\libc_nano.a(libc_a-closer.o)
                              C:/ST/STM32CubeIDE_1.13.1/STM32CubeIDE/plugins/com.st.stm32cube.ide.mcu.externaltools.gnu-tools-for-stm32.13.3.rel1.win32_1.0.0.202411081344/tools/bin/../lib/gcc/arm-none-eabi/13.3.1/../../../../arm-none-eabi/lib/thumb/v7e-m+fp/hard\libc_nano.a(libc_a-stdio.o) (_close_r)
C:/ST/STM32CubeIDE_1.13.1/STM32CubeIDE/plugins/com.st.stm32cube.ide.mcu.externaltools.gnu-tools-for-stm32.13.3.rel1.win32_1.0.0.202411081344/tools/bin/../lib/gcc/arm-none-eabi/13.3.1/../../../../arm-none-eabi/lib/thumb/v7e-m+fp/hard\libc_nano.a(libc_a-reent.o)
                              C:/ST/STM32CubeIDE_1.13.1/STM32CubeIDE/plugins/com.st.stm32cube.ide.mcu.externaltools.gnu-tools-for-stm32.13.3.rel1.win32_1.0.0.202411081344/tools/bin/../lib/gcc/arm-none-eabi/13.3.1/../../../../arm-none-eabi/lib/thumb/v7e-m+fp/hard\libc_nano.a(libc_a-closer.o) (errno)
C:/ST/STM32CubeIDE_1.13.1/STM32CubeIDE/plugins/com.st.stm32cube.ide.mcu.externaltools.gnu-tools-for-stm32.13.3.rel1.win32_1.0.0.202411081344/tools/bin/../lib/gcc/arm-none-eabi/13.3.1/../../../../arm-none-eabi/lib/thumb/v7e-m+fp/hard\libc_nano.a(libc_a-impure.o)
                              C:/ST/STM32CubeIDE_1.13.1/STM32CubeIDE/plugins/com.st.stm32cube.ide.mcu.externaltools.gnu-tools-for-stm32.13.3.rel1.win32_1.0.0.202411081344/tools/bin/../lib/gcc/arm-none-eabi/13.3.1/../../../../arm-none-eabi/lib/thumb/v7e-m+fp/hard\libc_nano.a(libc_a-reent.o) (_impure_ptr)
C:/ST/STM32CubeIDE_1.13.1/STM32CubeIDE/plugins/com.st.stm32cube.ide.mcu.externaltools.gnu-tools-for-stm32.13.3.rel1.win32_1.0.0.202411081344/tools/bin/../lib/gcc/arm-none-eabi/13.3.1/../../../../arm-none-eabi/lib/thumb/v7e-m+fp/hard\libc_nano.a(libc_a-lseekr.o)
[...]
Memory Configuration

Name             Origin             Length             Attributes
RAM              0x20000000         0x00010000         xrw
FLASH            0x08000000         0x00040000         xr
*default*        0x00000000         0xffffffff

Linker script and memory map

LOAD C:/ST/STM32CubeIDE_1.13.1/STM32CubeIDE/plugins/com.st.stm32cube.ide.mcu.externaltools.gnu-tools-for-stm32.13.3.rel1.win32_1.0.0.202411081344/tools/bin/../lib/gcc/arm-none-eabi/13.3.1/thumb/v7e-m+fp/hard/crti.o
LOAD C:/ST/STM32CubeIDE_1.13.1/STM32CubeIDE/plugins/com.st.stm32cube.ide.mcu.externaltools.gnu-tools-for-stm32.13.3.rel1.win32_1.0.0.202411081344/tools/bin/../lib/gcc/arm-none-eabi/13.3.1/thumb/v7e-m+fp/hard/crtbegin.o
LOAD C:/ST/STM32CubeIDE_1.13.1/STM32CubeIDE/plugins/com.st.stm32cube.ide.mcu.externaltools.gnu-tools-for-stm32.13.3.rel1.win32_1.0.0.202411081344/tools/bin/../lib/gcc/arm-none-eabi/13.3.1/../../../../arm-none-eabi/lib/thumb/v7e-m+fp/hard/crt0.o
LOAD ./Core/Src/comm.o
LOAD ./Core/Src/control_loop.o
LOAD ./Core/Src/dma.o
LOAD ./Core/Src/encoder.o
LOAD ./Core/Src/gpio.o
LOAD ./Core/Src/i2c.o
LOAD ./Core/Src/main.o
LOAD ./Core/Src/motor_control.o
LOAD ./Core/Src/pid.o
LOAD ./Core/Src/stm32f4xx_hal_msp.o
LOAD ./Core/Src/stm32f4xx_it.o
LOAD ./Core/Src/syscalls.o
LOAD ./Core/Src/sysmem.o
LOAD ./Core/Src/system_stm32f4xx.o
LOAD ./Core/Src/tim.o
LOAD ./Core/Src/usart.o
LOAD ./Core/Startup/startup_stm32f401rctx.o
LOAD ./Drivers/STM32F4xx_HAL_Driver/Src/stm32f4xx_hal.o
LOAD ./Drivers/STM32F4xx_HAL_Driver/Src/stm32f4xx_hal_cortex.o
LOAD ./Drivers/STM32F4xx_HAL_Driver/Src/stm32f4xx_hal_dma.o
LOAD ./Drivers/STM32F4xx_HAL_Driver/Src/stm32f4xx_hal_dma_ex.o
LOAD ./Drivers/STM32F4xx_HAL_Driver/Src/stm32f4xx_hal_exti.o
LOAD ./Drivers/STM32F4xx_HAL_Driver/Src/stm32f4xx_hal_flash.o
LOAD ./Drivers/STM32F4xx_HAL_Driver/Src/stm32f4xx_hal_flash_ex.o
LOAD ./Drivers/STM32F4xx_HAL_Driver/Src/stm32f4xx_hal_flash_ramfunc.o
LOAD ./Drivers/STM32F4xx_HAL_Driver/Src/stm32f4xx_hal_gpio.o
LOAD ./Drivers/STM32F4xx_HAL_Driver/Src/stm32f4xx_hal_i2c.o
LOAD ./Drivers/STM32F4xx_HAL_Driver/Src/stm32f4xx_hal_i2c_ex.o
LOAD ./Drivers/STM32F4xx_HAL_Driver/Src/stm32f4xx_hal_pwr.o
LOAD ./Drivers/STM32F4xx_HAL_Driver/Src/stm32f4xx_hal_pwr_ex.o
LOAD ./Drivers/STM32F4xx_HAL_Driver/Src/stm32f4xx_hal_rcc.o
LOAD ./Drivers/STM32F4xx_HAL_Driver/Src/stm32f4xx_hal_rcc_ex.o
LOAD ./Drivers/STM32F4xx_HAL_Driver/Src/stm32f4xx_hal_tim.o
LOAD ./Drivers/STM32F4xx_HAL_Driver/Src/stm32f4xx_hal_tim_ex.o
LOAD ./Drivers/STM32F4xx_HAL_Driver/Src/stm32f4xx_hal_uart.o
START GROUP
LOAD C:/ST/STM32CubeIDE_1.13.1/STM32CubeIDE/plugins/com.st.stm32cube.ide.mcu.externaltools.gnu-tools-for-stm32.13.3.rel1.win32_1.0.0.202411081344/tools/bin/../lib/gcc/arm-none-eabi/13.3.1/../../../../arm-none-eabi/lib/thumb/v7e-m+fp/hard\libc_nano.a
LOAD C:/ST/STM32CubeIDE_1.13.1/STM32CubeIDE/plugins/com.st.stm32cube.ide.mcu.externaltools.gnu-tools-for-stm32.13.3.rel1.win32_1.0.0.202411081344/tools/bin/../lib/gcc/arm-none-eabi/13.3.1/../../../../arm-none-eabi/lib/thumb/v7e-m+fp/hard\libm.a
END GROUP
START GROUP
LOAD C:/ST/STM32CubeIDE_1.13.1/STM32CubeIDE/plugins/com.st.stm32cube.ide.mcu.externaltools.gnu-tools-for-stm32.13.3.rel1.win32_1.0.0.202411081344/tools/bin/../lib/gcc/arm-none-eabi/13.3.1/thumb/v7e-m+fp/hard\libgcc.a
LOAD C:/ST/STM32CubeIDE_1.13.1/STM32CubeIDE/plugins/com.st.stm32cube.ide.mcu.externaltools.gnu-tools-for-stm32.13.3.rel1.win32_1.0.0.202411081344/tools/bin/../lib/gcc/arm-none-eabi/13.3.1/../../../../arm-none-eabi/lib/thumb/v7e-m+fp/hard\libc_nano.a
END GROUP
START GROUP
LOAD C:/ST/STM32CubeIDE_1.13.1/STM32CubeIDE/plugins/com.st.stm32cube.ide.mcu.externaltools.gnu-tools-for-stm32.13.3.rel1.win32_1.0.0.202411081344/tools/bin/../lib/gcc/arm-none-eabi/13.3.1/thumb/v7e-m+fp/hard\libgcc.a
LOAD C:/ST/STM32CubeIDE_1.13.1/STM32CubeIDE/plugins/com.st.stm32cube.ide.mcu.externaltools.gnu-tools-for-stm32.13.3.rel1.win32_1.0.0.202411081344/tools/bin/../lib/gcc/arm-none-eabi/13.3.1/../../../../arm-none-eabi/lib/thumb/v7e-m+fp/hard\libc_nano.a
LOAD C:/ST/STM32CubeIDE_1.13.1/STM32CubeIDE/plugins/com.st.stm32cube.ide.mcu.externaltools.gnu-tools-for-stm32.13.3.rel1.win32_1.0.0.202411081344/tools/bin/../lib/gcc/arm-none-eabi/13.3.1/../../../../arm-none-eabi/lib/thumb/v7e-m+fp/hard\libnosys.a
END GROUP
START GROUP
LOAD C:/ST/STM32CubeIDE_1.13.1/STM32CubeIDE/plugins/com.st.stm32cube.ide.mcu.externaltools.gnu-tools-for-stm32.13.3.rel1.win32_1.0.0.202411081344/tools/bin/../lib/gcc/arm-none-eabi/13.3.1/thumb/v7e-m+fp/hard\libgcc.a
LOAD C:/ST/STM32CubeIDE_1.13.1/STM32CubeIDE/plugins/com.st.stm32cube.ide.mcu.externaltools.gnu-tools-for-stm32.13.3.rel1.win32_1.0.0.202411081344/tools/bin/../lib/gcc/arm-none-eabi/13.3.1/../../../../arm-none-eabi/lib/thumb/v7e-m+fp/hard\libc_nano.a
LOAD C:/ST/STM32CubeIDE_1.13.1/STM32CubeIDE/plugins/com.st.stm32cube.ide.mcu.externaltools.gnu-tools-for-stm32.13.3.rel1.win32_1.0.0.202411081344/tools/bin/../lib/gcc/arm-none-eabi/13.3.1/../../../../arm-none-eabi/lib/thumb/v7e-m+fp/hard\libnosys.a
END GROUP
LOAD C:/ST/STM32CubeIDE_1.13.1/STM32CubeIDE/plugins/com.st.stm32cube.ide.mcu.externaltools.gnu-tools-for-stm32.13.3.rel1.win32_1.0.0.202411081344/tools/bin/../lib/gcc/arm-none-eabi/13.3.1/thumb/v7e-m+fp/hard/crtend.o
LOAD C:/ST/STM32CubeIDE_1.13.1/STM32CubeIDE/plugins/com.st.stm32cube.ide.mcu.externaltools.gnu-tools-for-stm32.13.3.rel1.win32_1.0.0.202411081344/tools/bin/../lib/gcc/arm-none-eabi/13.3.1/thumb/v7e-m+fp/hard/crtn.o
                0x20010000                        _estack = (ORIGIN (RAM) + LENGTH (RAM))
                0x00000200                        _Min_Heap_Size = 0x200
                0x00000400                        _Min_Stack_Size = 0x400

.isr_vector     0x08000000      0x194
                0x08000000                        . = ALIGN (0x4)
 *(.isr_vector)
 .isr_vector    0x08000000      0x194 ./Core/Startup/startup_stm32f401rctx.o
                0x08000000                g_pfnVectors
                0x08000194                        . = ALIGN (0x4)

.text           0x08000194     0x7a10
                0x08000194                        . = ALIGN (0x4)
 *(.text)
 .text          0x08000194       0x40 C:/ST/STM32CubeIDE_1.13.1/STM32CubeIDE/plugins/com.st.stm32cube.ide.mcu.externaltools.gnu-tools-for-stm32.13.3.rel1.win32_1.0.0.202411081344/tools/bin/../lib/gcc/arm-none-eabi/13.3.1/thumb/v7e-m+fp/hard/crtbegin.o
 .text          0x080001d4       0x30 C:/ST/STM32CubeIDE_1.13.1/STM32CubeIDE/plugins/com.st.stm32cube.ide.mcu.externaltools.gnu-tools-for-stm32.13.3.rel1.win32_1.0.0.202411081344/tools/bin/../lib/gcc/arm-none-eabi/13.3.1/thumb/v7e-m+fp/hard\libgcc.a(_aeabi_uldivmod.o)
                0x080001d4                __aeabi_uldivmod
 .text          0x08000204      0x2f8 C:/ST/STM32CubeIDE_1.13.1/STM32CubeIDE/plugins/com.st.stm32cube.ide.mcu.externaltools.gnu-tools-for-stm32.13.3.rel1.win32_1.0.0.202411081344/tools/bin/../lib/gcc/arm-none-eabi/13.3.1/thumb/v7e-m+fp/hard\libgcc.a(_udivmoddi4.o)
                0x08000204                __udivmoddi4
 .text          0x080004fc        0x4 C:/ST/STM32CubeIDE_1.13.1/STM32CubeIDE/plugins/com.st.stm32cube.ide.mcu.externaltools.gnu-tools-for-stm32.13.3.rel1.win32_1.0.0.202411081344/tools/bin/../lib/gcc/arm-none-eabi/13.3.1/thumb/v7e-m+fp/hard\libgcc.a(_dvmd_tls.o)
                0x080004fc                __aeabi_idiv0
                0x080004fc                __aeabi_ldiv0
 *(.text*)
 .text.crc8     0x08000500       0x74 ./Core/Src/comm.o
 .text.Comm_Init
                0x08000574       0x30 ./Core/Src/comm.o
                0x08000574                Comm_Init
 .text.HAL_UARTEx_RxEventCallback
                0x080005a4       0x54 ./Core/Src/comm.o
                0x080005a4                HAL_UARTEx_RxEventCallback
 .text.Comm_RxEventCallback
                0x080005f8      0x18c ./Core/Src/comm.o
                0x080005f8                Comm_RxEventCallback
 .text.Comm_ProcessRx
                0x08000784        0xe ./Core/Src/comm.o
                0x08000784                Comm_ProcessRx
 *fill*         0x08000792        0x2 
 .text.Comm_TransmitFeedback
                0x08000794      0x178 ./Core/Src/comm.o
                0x08000794                Comm_TransmitFeedback
 .text.ControlLoop_Init
                0x0800090c       0x9c ./Core/Src/control_loop.o
                0x0800090c                ControlLoop_Init
 .text.ControlLoop_Run
                0x080009a8       0xec ./Core/Src/control_loop.o
                0x080009a8                ControlLoop_Run
 .text.ControlLoop_SetTarget
                0x08000a94       0x70 ./Core/Src/control_loop.o
                0x08000a94                ControlLoop_SetTarget
 .text.ControlLoop_Enable
                0x08000b04       0x3c ./Core/Src/control_loop.o
                0x08000b04                ControlLoop_Enable
 .text.ControlLoop_Disable
                0x08000b40       0x18 ./Core/Src/control_loop.o
                0x08000b40                ControlLoop_Disable
 .text.MX_DMA_Init
                0x08000b58       0x50 ./Core/Src/dma.o
                0x08000b58                MX_DMA_Init
 .text.Encoder_Init
                0x08000ba8       0xc8 ./Core/Src/encoder.o
                0x08000ba8                Encoder_Init
 .text.Encoder_Update
                0x08000c70      0x18c ./Core/Src/encoder.o
                0x08000c70                Encoder_Update
 .text.Encoder_GetCount
                0x08000dfc       0x34 ./Core/Src/encoder.o
                0x08000dfc                Encoder_GetCount
 .text.Encoder_GetRPM
                0x08000e30       0x40 ./Core/Src/encoder.o
                0x08000e30                Encoder_GetRPM
 .text.MX_GPIO_Init
                0x08000e70       0xf0 ./Core/Src/gpio.o
                0x08000e70                MX_GPIO_Init
 .text.MX_I2C1_Init
                0x08000f60       0x5c ./Core/Src/i2c.o
                0x08000f60                MX_I2C1_Init
 .text.HAL_I2C_MspInit
                0x08000fbc       0xb0 ./Core/Src/i2c.o
                0x08000fbc                HAL_I2C_MspInit
 .text.main     0x0800106c       0x8c ./Core/Src/main.o
                0x0800106c                main
 .text.SystemClock_Config
                0x080010f8       0xd4 ./Core/Src/main.o
                0x080010f8                SystemClock_Config
 .text.Error_Handler
                0x080011cc        0xc ./Core/Src/main.o
                0x080011cc                Error_Handler
 .text.set_en   0x080011d8       0x78 ./Core/Src/motor_control.o
 .text.set_pwm  0x08001250       0xc0 ./Core/Src/motor_control.o
 .text.Motor_Init
                0x08001310       0x9c ./Core/Src/motor_control.o
                0x08001310                Motor_Init
 .text.Motor_Set
                0x080013ac      0x130 ./Core/Src/motor_control.o
                0x080013ac                Motor_Set
 .text.Motor_Coast
                0x080014dc       0x70 ./Core/Src/motor_control.o
                0x080014dc                Motor_Coast
 .text.Motor_CoastAll
                0x0800154c       0x2a ./Core/Src/motor_control.o
                0x0800154c                Motor_CoastAll
 *fill*         0x08001576        0x2 
 .text.Motor_EmergencyStop
                0x08001578       0x94 ./Core/Src/motor_control.o
                0x08001578                Motor_EmergencyStop
 .text.PID_Init
                0x0800160c       0x48 ./Core/Src/pid.o
                0x0800160c                PID_Init
 .text.PID_Update
                0x08001654      0x146 ./Core/Src/pid.o
                0x08001654                PID_Update
 .text.PID_Reset
                0x0800179a       0x2c ./Core/Src/pid.o
                0x0800179a                PID_Reset
 *fill*         0x080017c6        0x2 
 .text.HAL_MspInit
                0x080017c8       0x50 ./Core/Src/stm32f4xx_hal_msp.o
                0x080017c8                HAL_MspInit
 .text.NMI_Handler
                0x08001818        0x8 ./Core/Src/stm32f4xx_it.o
                0x08001818                NMI_Handler
 .text.HardFault_Handler
                0x08001820        0x8 ./Core/Src/stm32f4xx_it.o
                0x08001820                HardFault_Handler
 .text.MemManage_Handler
                0x08001828        0x8 ./Core/Src/stm32f4xx_it.o
                0x08001828                MemManage_Handler
 .text.BusFault_Handler
                0x08001830        0x8 ./Core/Src/stm32f4xx_it.o
                0x08001830                BusFault_Handler
 .text.UsageFault_Handler
                0x08001838        0x8 ./Core/Src/stm32f4xx_it.o
                0x08001838                UsageFault_Handler
 .text.SVC_Handler
                0x08001840        0xe ./Core/Src/stm32f4xx_it.o
                0x08001840                SVC_Handler
 .text.DebugMon_Handler
                0x0800184e        0xe ./Core/Src/stm32f4xx_it.o
                0x0800184e                DebugMon_Handler
 .text.PendSV_Handler
                0x0800185c        0xe ./Core/Src/stm32f4xx_it.o
                0x0800185c                PendSV_Handler
 .text.SysTick_Handler
                0x0800186a        0xc ./Core/Src/stm32f4xx_it.o
                0x0800186a                SysTick_Handler
 *fill*         0x08001876        0x2 
 .text.DMA1_Stream5_IRQHandler
                0x08001878       0x14 ./Core/Src/stm32f4xx_it.o
                0x08001878                DMA1_Stream5_IRQHandler
 .text.DMA1_Stream6_IRQHandler
                0x0800188c       0x14 ./Core/Src/stm32f4xx_it.o
                0x0800188c                DMA1_Stream6_IRQHandler
 .text.TIM1_BRK_TIM9_IRQHandler
                0x080018a0       0x14 ./Core/Src/stm32f4xx_it.o
                0x080018a0                TIM1_BRK_TIM9_IRQHandler
 .text.TIM1_UP_TIM10_IRQHandler
                0x080018b4       0x54 ./Core/Src/stm32f4xx_it.o
                0x080018b4                TIM1_UP_TIM10_IRQHandler
 .text.I2C1_EV_IRQHandler
                0x08001908       0x14 ./Core/Src/stm32f4xx_it.o
                0x08001908                I2C1_EV_IRQHandler
 .text.I2C1_ER_IRQHandler
                0x0800191c       0x14 ./Core/Src/stm32f4xx_it.o
                0x0800191c                I2C1_ER_IRQHandler
 .text.USART2_IRQHandler
                0x08001930       0x14 ./Core/Src/stm32f4xx_it.o
                0x08001930                USART2_IRQHandler
 .text.HAL_TIM_PeriodElapsedCallback
                0x08001944       0x24 ./Core/Src/stm32f4xx_it.o
                0x08001944                HAL_TIM_PeriodElapsedCallback
 .text.SystemInit
                0x08001968       0x24 ./Core/Src/system_stm32f4xx.o
                0x08001968                SystemInit
 .text.MX_TIM1_Init
                0x0800198c      0x150 ./Core/Src/tim.o
                0x0800198c                MX_TIM1_Init
 .text.MX_TIM2_Init
                0x08001adc       0xa8 ./Core/Src/tim.o
                0x08001adc                MX_TIM2_Init
 .text.MX_TIM3_Init
                0x08001b84       0xa8 ./Core/Src/tim.o
                0x08001b84                MX_TIM3_Init
 .text.MX_TIM4_Init
                0x08001c2c       0xa8 ./Core/Src/tim.o
                0x08001c2c                MX_TIM4_Init
 .text.MX_TIM5_Init
                0x08001cd4       0xa8 ./Core/Src/tim.o
                0x08001cd4                MX_TIM5_Init
 .text.MX_TIM10_Init
                0x08001d7c       0x48 ./Core/Src/tim.o
                0x08001d7c                MX_TIM10_Init
 .text.HAL_TIM_PWM_MspInit
                0x08001dc4       0x60 ./Core/Src/tim.o
                0x08001dc4                HAL_TIM_PWM_MspInit
 .text.HAL_TIM_Encoder_MspInit
                0x08001e24      0x204 ./Core/Src/tim.o
                0x08001e24                HAL_TIM_Encoder_MspInit
 .text.HAL_TIM_Base_MspInit
                0x08002028       0x50 ./Core/Src/tim.o
                0x08002028                HAL_TIM_Base_MspInit
 .text.HAL_TIM_MspPostInit
                0x08002078       0x74 ./Core/Src/tim.o
                0x08002078                HAL_TIM_MspPostInit
 .text.MX_USART2_UART_Init
                0x080020ec       0x54 ./Core/Src/usart.o
                0x080020ec                MX_USART2_UART_Init
 .text.HAL_UART_MspInit
                0x08002140      0x170 ./Core/Src/usart.o
                0x08002140                HAL_UART_MspInit
 .text.Reset_Handler
                0x080022b0       0x50 ./Core/Startup/startup_stm32f401rctx.o
                0x080022b0                Reset_Handler
 .text.Default_Handler
                0x08002300        0x2 ./Core/Startup/startup_stm32f401rctx.o
                0x08002300                RTC_Alarm_IRQHandler
                0x08002300                EXTI2_IRQHandler
                0x08002300                SPI4_IRQHandler
                0x08002300                TIM1_CC_IRQHandler
                0x08002300                DMA2_Stream5_IRQHandler
                0x08002300                PVD_IRQHandler
                0x08002300                SDIO_IRQHandler
                0x08002300                TAMP_STAMP_IRQHandler
                0x08002300                EXTI3_IRQHandler
                0x08002300                I2C3_ER_IRQHandler
                0x08002300                EXTI0_IRQHandler
                0x08002300                I2C2_EV_IRQHandler
                0x08002300                DMA1_Stream2_IRQHandler
                0x08002300                FPU_IRQHandler
                0x08002300                DMA2_Stream2_IRQHandler
                0x08002300                SPI1_IRQHandler
                0x08002300                DMA2_Stream3_IRQHandler
                0x08002300                USART6_IRQHandler
                0x08002300                DMA2_Stream0_IRQHandler
                0x08002300                TIM4_IRQHandler
                0x08002300                DMA1_Stream1_IRQHandler
                0x08002300                TIM3_IRQHandler
                0x08002300                RCC_IRQHandler
                0x08002300                Default_Handler
                0x08002300                EXTI15_10_IRQHandler
                0x08002300                ADC_IRQHandler
                0x08002300                DMA1_Stream7_IRQHandler
                0x08002300                TIM5_IRQHandler
                0x08002300                DMA2_Stream7_IRQHandler
                0x08002300                I2C3_EV_IRQHandler
                0x08002300                EXTI9_5_IRQHandler
                0x08002300                RTC_WKUP_IRQHandler
                0x08002300                SPI2_IRQHandler
                0x08002300                DMA1_Stream0_IRQHandler
                0x08002300                EXTI4_IRQHandler
                0x08002300                WWDG_IRQHandler
                0x08002300                TIM2_IRQHandler
                0x08002300                OTG_FS_WKUP_IRQHandler
                0x08002300                TIM1_TRG_COM_TIM11_IRQHandler
                0x08002300                EXTI1_IRQHandler
                0x08002300                I2C2_ER_IRQHandler
                0x08002300                DMA2_Stream1_IRQHandler
                0x08002300                FLASH_IRQHandler
                0x08002300                DMA2_Stream4_IRQHandler
                0x08002300                USART1_IRQHandler
                0x08002300                OTG_FS_IRQHandler
                0x08002300                SPI3_IRQHandler
                0x08002300                DMA1_Stream4_IRQHandler
                0x08002300                DMA2_Stream6_IRQHandler
                0x08002300                DMA1_Stream3_IRQHandler
 *fill*         0x08002302        0x2 
 .text.HAL_Init
                0x08002304       0x44 ./Drivers/STM32F4xx_HAL_Driver/Src/stm32f4xx_hal.o
                0x08002304                HAL_Init
 .text.HAL_InitTick
                0x08002348       0x60 ./Drivers/STM32F4xx_HAL_Driver/Src/stm32f4xx_hal.o
                0x08002348                HAL_InitTick
 .text.HAL_IncTick
                0x080023a8       0x28 ./Drivers/STM32F4xx_HAL_Driver/Src/stm32f4xx_hal.o
                0x080023a8                HAL_IncTick
 .text.HAL_GetTick
                0x080023d0       0x18 ./Drivers/STM32F4xx_HAL_Driver/Src/stm32f4xx_hal.o
                0x080023d0                HAL_GetTick
 .text.__NVIC_SetPriorityGrouping
                0x080023e8       0x48 ./Drivers/STM32F4xx_HAL_Driver/Src/stm32f4xx_hal_cortex.o
 .text.__NVIC_GetPriorityGrouping
                0x08002430       0x1c ./Drivers/STM32F4xx_HAL_Driver/Src/stm32f4xx_hal_cortex.o
 .text.__NVIC_EnableIRQ
                0x0800244c       0x3c ./Drivers/STM32F4xx_HAL_Driver/Src/stm32f4xx_hal_cortex.o
 .text.__NVIC_SetPriority
                0x08002488       0x54 ./Drivers/STM32F4xx_HAL_Driver/Src/stm32f4xx_hal_cortex.o
 .text.NVIC_EncodePriority
                0x080024dc       0x66 ./Drivers/STM32F4xx_HAL_Driver/Src/stm32f4xx_hal_cortex.o
 *fill*         0x08002542        0x2 
 .text.SysTick_Config
                0x08002544       0x44 ./Drivers/STM32F4xx_HAL_Driver/Src/stm32f4xx_hal_cortex.o
 .text.HAL_NVIC_SetPriorityGrouping
                0x08002588       0x16 ./Drivers/STM32F4xx_HAL_Driver/Src/stm32f4xx_hal_cortex.o
                0x08002588                HAL_NVIC_SetPriorityGrouping
 .text.HAL_NVIC_SetPriority
                0x0800259e       0x38 ./Drivers/STM32F4xx_HAL_Driver/Src/stm32f4xx_hal_cortex.o
                0x0800259e                HAL_NVIC_SetPriority
 .text.HAL_NVIC_EnableIRQ
                0x080025d6       0x1c ./Drivers/STM32F4xx_HAL_Driver/Src/stm32f4xx_hal_cortex.o
                0x080025d6                HAL_NVIC_EnableIRQ
 .text.HAL_SYSTICK_Config
                0x080025f2       0x18 ./Drivers/STM32F4xx_HAL_Driver/Src/stm32f4xx_hal_cortex.o
                0x080025f2                HAL_SYSTICK_Config
 *fill*         0x0800260a        0x2 
 .text.HAL_DMA_Init
                0x0800260c      0x15c ./Drivers/STM32F4xx_HAL_Driver/Src/stm32f4xx_hal_dma.o
                0x0800260c                HAL_DMA_Init
 .text.HAL_DMA_Start_IT
                0x08002768       0xb0 ./Drivers/STM32F4xx_HAL_Driver/Src/stm32f4xx_hal_dma.o
                0x08002768                HAL_DMA_Start_IT
 .text.HAL_DMA_Abort
                0x08002818       0xe0 ./Drivers/STM32F4xx_HAL_Driver/Src/stm32f4xx_hal_dma.o
                0x08002818                HAL_DMA_Abort
 .text.HAL_DMA_Abort_IT
                0x080028f8       0x44 ./Drivers/STM32F4xx_HAL_Driver/Src/stm32f4xx_hal_dma.o
                0x080028f8                HAL_DMA_Abort_IT
 .text.HAL_DMA_IRQHandler
                0x0800293c      0x314 ./Drivers/STM32F4xx_HAL_Driver/Src/stm32f4xx_hal_dma.o
                0x0800293c                HAL_DMA_IRQHandler
 .text.HAL_DMA_GetState
                0x08002c50       0x1c ./Drivers/STM32F4xx_HAL_Driver/Src/stm32f4xx_hal_dma.o
                0x08002c50                HAL_DMA_GetState
 .text.DMA_SetConfig
                0x08002c6c       0x5c ./Drivers/STM32F4xx_HAL_Driver/Src/stm32f4xx_hal_dma.o
 .text.DMA_CalcBaseAndBitshift
                0x08002cc8       0x6c ./Drivers/STM32F4xx_HAL_Driver/Src/stm32f4xx_hal_dma.o
 .text.DMA_CheckFifoParam
                0x08002d34       0xf8 ./Drivers/STM32F4xx_HAL_Driver/Src/stm32f4xx_hal_dma.o
 .text.HAL_GPIO_Init
                0x08002e2c      0x308 ./Drivers/STM32F4xx_HAL_Driver/Src/stm32f4xx_hal_gpio.o
                0x08002e2c                HAL_GPIO_Init
 .text.HAL_GPIO_WritePin
                0x08003134       0x32 ./Drivers/STM32F4xx_HAL_Driver/Src/stm32f4xx_hal_gpio.o
                0x08003134                HAL_GPIO_WritePin
 .text.HAL_GPIO_TogglePin
                0x08003166       0x34 ./Drivers/STM32F4xx_HAL_Driver/Src/stm32f4xx_hal_gpio.o
                0x08003166                HAL_GPIO_TogglePin
 *fill*         0x0800319a        0x2 
 .text.HAL_I2C_Init
                0x0800319c      0x288 ./Drivers/STM32F4xx_HAL_Driver/Src/stm32f4xx_hal_i2c.o
                0x0800319c                HAL_I2C_Init
 .text.I2C_Flush_DR
                0x08003424       0x2a ./Drivers/STM32F4xx_HAL_Driver/Src/stm32f4xx_hal_i2c.o
 .text.HAL_I2C_EV_IRQHandler
                0x0800344e      0x2e2 ./Drivers/STM32F4xx_HAL_Driver/Src/stm32f4xx_hal_i2c.o
                0x0800344e                HAL_I2C_EV_IRQHandler
 .text.HAL_I2C_ER_IRQHandler
                0x08003730      0x14e ./Drivers/STM32F4xx_HAL_Driver/Src/stm32f4xx_hal_i2c.o
                0x08003730                HAL_I2C_ER_IRQHandler
 .text.HAL_I2C_MasterTxCpltCallback
                0x0800387e       0x14 ./Drivers/STM32F4xx_HAL_Driver/Src/stm32f4xx_hal_i2c.o
                0x0800387e                HAL_I2C_MasterTxCpltCallback
 .text.HAL_I2C_MasterRxCpltCallback
                0x08003892       0x14 ./Drivers/STM32F4xx_HAL_Driver/Src/stm32f4xx_hal_i2c.o
                0x08003892                HAL_I2C_MasterRxCpltCallback
 .text.HAL_I2C_SlaveTxCpltCallback
                0x080038a6       0x14 ./Drivers/STM32F4xx_HAL_Driver/Src/stm32f4xx_hal_i2c.o
                0x080038a6                HAL_I2C_SlaveTxCpltCallback
 .text.HAL_I2C_SlaveRxCpltCallback
                0x080038ba       0x14 ./Drivers/STM32F4xx_HAL_Driver/Src/stm32f4xx_hal_i2c.o
                0x080038ba                HAL_I2C_SlaveRxCpltCallback
 .text.HAL_I2C_AddrCallback
                0x080038ce       0x1c ./Drivers/STM32F4xx_HAL_Driver/Src/stm32f4xx_hal_i2c.o
                0x080038ce                HAL_I2C_AddrCallback
 .text.HAL_I2C_ListenCpltCallback
                0x080038ea       0x14 ./Drivers/STM32F4xx_HAL_Driver/Src/stm32f4xx_hal_i2c.o
                0x080038ea                HAL_I2C_ListenCpltCallback
 .text.HAL_I2C_MemTxCpltCallback
                0x080038fe       0x14 ./Drivers/STM32F4xx_HAL_Driver/Src/stm32f4xx_hal_i2c.o
                0x080038fe                HAL_I2C_MemTxCpltCallback
 .text.HAL_I2C_MemRxCpltCallback
                0x08003912       0x14 ./Drivers/STM32F4xx_HAL_Driver/Src/stm32f4xx_hal_i2c.o
                0x08003912                HAL_I2C_MemRxCpltCallback
 .text.HAL_I2C_ErrorCallback
                0x08003926       0x14 ./Drivers/STM32F4xx_HAL_Driver/Src/stm32f4xx_hal_i2c.o
                0x08003926                HAL_I2C_ErrorCallback
 .text.HAL_I2C_AbortCpltCallback
                0x0800393a       0x14 ./Drivers/STM32F4xx_HAL_Driver/Src/stm32f4xx_hal_i2c.o
                0x0800393a                HAL_I2C_AbortCpltCallback
 .text.I2C_MasterTransmit_TXE
                0x0800394e      0x138 ./Drivers/STM32F4xx_HAL_Driver/Src/stm32f4xx_hal_i2c.o
 .text.I2C_MasterTransmit_BTF
                0x08003a86       0xec ./Drivers/STM32F4xx_HAL_Driver/Src/stm32f4xx_hal_i2c.o
 .text.I2C_MemoryTransmit_TXE_BTF
                0x08003b72      0x130 ./Drivers/STM32F4xx_HAL_Driver/Src/stm32f4xx_hal_i2c.o
 .text.I2C_MasterReceive_RXNE
                0x08003ca2      0x190 ./Drivers/STM32F4xx_HAL_Driver/Src/stm32f4xx_hal_i2c.o
 .text.I2C_MasterReceive_BTF
                0x08003e32      0x1e2 ./Drivers/STM32F4xx_HAL_Driver/Src/stm32f4xx_hal_i2c.o
 .text.I2C_Master_SB
                0x08004014      0x10c ./Drivers/STM32F4xx_HAL_Driver/Src/stm32f4xx_hal_i2c.o
 .text.I2C_Master_ADD10
                0x08004120       0x54 ./Drivers/STM32F4xx_HAL_Driver/Src/stm32f4xx_hal_i2c.o
 .text.I2C_Master_ADDR
                0x08004174      0x322 ./Drivers/STM32F4xx_HAL_Driver/Src/stm32f4xx_hal_i2c.o
 .text.I2C_SlaveTransmit_TXE
                0x08004496       0x7a ./Drivers/STM32F4xx_HAL_Driver/Src/stm32f4xx_hal_i2c.o
 .text.I2C_SlaveTransmit_BTF
                0x08004510       0x42 ./Drivers/STM32F4xx_HAL_Driver/Src/stm32f4xx_hal_i2c.o
 .text.I2C_SlaveReceive_RXNE
                0x08004552       0x7c ./Drivers/STM32F4xx_HAL_Driver/Src/stm32f4xx_hal_i2c.o
 .text.I2C_SlaveReceive_BTF
                0x080045ce       0x44 ./Drivers/STM32F4xx_HAL_Driver/Src/stm32f4xx_hal_i2c.o
 .text.I2C_Slave_ADDR
                0x08004612       0x94 ./Drivers/STM32F4xx_HAL_Driver/Src/stm32f4xx_hal_i2c.o
 *fill*         0x080046a6        0x2 
 .text.I2C_Slave_STOPF
                0x080046a8      0x260 ./Drivers/STM32F4xx_HAL_Driver/Src/stm32f4xx_hal_i2c.o
 .text.I2C_Slave_AF
                0x08004908       0xe8 ./Drivers/STM32F4xx_HAL_Driver/Src/stm32f4xx_hal_i2c.o
 .text.I2C_ITError
                0x080049f0      0x264 ./Drivers/STM32F4xx_HAL_Driver/Src/stm32f4xx_hal_i2c.o
 .text.I2C_DMAAbort
                0x08004c54      0x150 ./Drivers/STM32F4xx_HAL_Driver/Src/stm32f4xx_hal_i2c.o
 .text.I2C_WaitOnSTOPRequestThroughIT
                0x08004da4       0x64 ./Drivers/STM32F4xx_HAL_Driver/Src/stm32f4xx_hal_i2c.o
 .text.I2C_ConvertOtherXferOptions
                0x08004e08       0x36 ./Drivers/STM32F4xx_HAL_Driver/Src/stm32f4xx_hal_i2c.o
 *fill*         0x08004e3e        0x2 
 .text.HAL_RCC_OscConfig
                0x08004e40      0x4f0 ./Drivers/STM32F4xx_HAL_Driver/Src/stm32f4xx_hal_rcc.o
                0x08004e40                HAL_RCC_OscConfig
 .text.HAL_RCC_ClockConfig
                0x08005330      0x1cc ./Drivers/STM32F4xx_HAL_Driver/Src/stm32f4xx_hal_rcc.o
                0x08005330                HAL_RCC_ClockConfig
 .text.HAL_RCC_GetSysClockFreq
                0x080054fc      0x18c ./Drivers/STM32F4xx_HAL_Driver/Src/stm32f4xx_hal_rcc.o
                0x080054fc                HAL_RCC_GetSysClockFreq
 .text.HAL_RCC_GetHCLKFreq
                0x08005688       0x18 ./Drivers/STM32F4xx_HAL_Driver/Src/stm32f4xx_hal_rcc.o
                0x08005688                HAL_RCC_GetHCLKFreq
 .text.HAL_RCC_GetPCLK1Freq
                0x080056a0       0x28 ./Drivers/STM32F4xx_HAL_Driver/Src/stm32f4xx_hal_rcc.o
                0x080056a0                HAL_RCC_GetPCLK1Freq
 .text.HAL_RCC_GetPCLK2Freq
                0x080056c8       0x28 ./Drivers/STM32F4xx_HAL_Driver/Src/stm32f4xx_hal_rcc.o
                0x080056c8                HAL_RCC_GetPCLK2Freq
 .text.HAL_TIM_Base_Init
                0x080056f0       0x9e ./Drivers/STM32F4xx_HAL_Driver/Src/stm32f4xx_hal_tim.o
                0x080056f0                HAL_TIM_Base_Init
 *fill*         0x0800578e        0x2 
 .text.HAL_TIM_Base_Start_IT
                0x08005790       0xc4 ./Drivers/STM32F4xx_HAL_Driver/Src/stm32f4xx_hal_tim.o
                0x08005790                HAL_TIM_Base_Start_IT
 .text.HAL_TIM_PWM_Init
                0x08005854       0x9e ./Drivers/STM32F4xx_HAL_Driver/Src/stm32f4xx_hal_tim.o
                0x08005854                HAL_TIM_PWM_Init
 *fill*         0x080058f2        0x2 
 .text.HAL_TIM_PWM_Start
                0x080058f4      0x160 ./Drivers/STM32F4xx_HAL_Driver/Src/stm32f4xx_hal_tim.o
                0x080058f4                HAL_TIM_PWM_Start
 .text.HAL_TIM_Encoder_Init
                0x08005a54      0x14c ./Drivers/STM32F4xx_HAL_Driver/Src/stm32f4xx_hal_tim.o
                0x08005a54                HAL_TIM_Encoder_Init
 .text.HAL_TIM_Encoder_Start
                0x08005ba0      0x11c ./Drivers/STM32F4xx_HAL_Driver/Src/stm32f4xx_hal_tim.o
                0x08005ba0                HAL_TIM_Encoder_Start
 .text.HAL_TIM_IRQHandler
                0x08005cbc      0x1e0 ./Drivers/STM32F4xx_HAL_Driver/Src/stm32f4xx_hal_tim.o
                0x08005cbc                HAL_TIM_IRQHandler
 .text.HAL_TIM_PWM_ConfigChannel
                0x08005e9c      0x184 ./Drivers/STM32F4xx_HAL_Driver/Src/stm32f4xx_hal_tim.o
                0x08005e9c                HAL_TIM_PWM_ConfigChannel
 .text.HAL_TIM_OC_DelayElapsedCallback
                0x08006020       0x14 ./Drivers/STM32F4xx_HAL_Driver/Src/stm32f4xx_hal_tim.o
                0x08006020                HAL_TIM_OC_DelayElapsedCallback
 .text.HAL_TIM_IC_CaptureCallback
                0x08006034       0x14 ./Drivers/STM32F4xx_HAL_Driver/Src/stm32f4xx_hal_tim.o
                0x08006034                HAL_TIM_IC_CaptureCallback
 .text.HAL_TIM_PWM_PulseFinishedCallback
                0x08006048       0x14 ./Drivers/STM32F4xx_HAL_Driver/Src/stm32f4xx_hal_tim.o
                0x08006048                HAL_TIM_PWM_PulseFinishedCallback
 .text.HAL_TIM_TriggerCallback
                0x0800605c       0x14 ./Drivers/STM32F4xx_HAL_Driver/Src/stm32f4xx_hal_tim.o
                0x0800605c                HAL_TIM_TriggerCallback
 .text.TIM_Base_SetConfig
                0x08006070      0x10c ./Drivers/STM32F4xx_HAL_Driver/Src/stm32f4xx_hal_tim.o
                0x08006070                TIM_Base_SetConfig
 .text.TIM_OC1_SetConfig
                0x0800617c       0xcc ./Drivers/STM32F4xx_HAL_Driver/Src/stm32f4xx_hal_tim.o
 .text.TIM_OC2_SetConfig
                0x08006248       0xd8 ./Drivers/STM32F4xx_HAL_Driver/Src/stm32f4xx_hal_tim.o
                0x08006248                TIM_OC2_SetConfig
 .text.TIM_OC3_SetConfig
                0x08006320       0xd4 ./Drivers/STM32F4xx_HAL_Driver/Src/stm32f4xx_hal_tim.o
 .text.TIM_OC4_SetConfig
                0x080063f4       0xa0 ./Drivers/STM32F4xx_HAL_Driver/Src/stm32f4xx_hal_tim.o
 .text.TIM_CCxChannelCmd
                0x08006494       0x4a ./Drivers/STM32F4xx_HAL_Driver/Src/stm32f4xx_hal_tim.o
                0x08006494                TIM_CCxChannelCmd
 *fill*         0x080064de        0x2 
 .text.HAL_TIMEx_MasterConfigSynchronization
                0x080064e0       0xdc ./Drivers/STM32F4xx_HAL_Driver/Src/stm32f4xx_hal_tim_ex.o
                0x080064e0                HAL_TIMEx_MasterConfigSynchronization
 .text.HAL_TIMEx_ConfigBreakDeadTime
                0x080065bc       0xa4 ./Drivers/STM32F4xx_HAL_Driver/Src/stm32f4xx_hal_tim_ex.o
                0x080065bc                HAL_TIMEx_ConfigBreakDeadTime
 .text.HAL_TIMEx_CommutCallback
                0x08006660       0x14 ./Drivers/STM32F4xx_HAL_Driver/Src/stm32f4xx_hal_tim_ex.o
                0x08006660                HAL_TIMEx_CommutCallback
 .text.HAL_TIMEx_BreakCallback
                0x08006674       0x14 ./Drivers/STM32F4xx_HAL_Driver/Src/stm32f4xx_hal_tim_ex.o
                0x08006674                HAL_TIMEx_BreakCallback
 .text.HAL_UART_Init
                0x08006688       0xa0 ./Drivers/STM32F4xx_HAL_Driver/Src/stm32f4xx_hal_uart.o
                0x08006688                HAL_UART_Init
 .text.HAL_UART_Transmit_DMA
                0x08006728       0xf8 ./Drivers/STM32F4xx_HAL_Driver/Src/stm32f4xx_hal_uart.o
                0x08006728                HAL_UART_Transmit_DMA
 .text.HAL_UARTEx_ReceiveToIdle_DMA
                0x08006820       0xb2 ./Drivers/STM32F4xx_HAL_Driver/Src/stm32f4xx_hal_uart.o
                0x08006820                HAL_UARTEx_ReceiveToIdle_DMA
 *fill*         0x080068d2        0x2 
 .text.HAL_UART_IRQHandler
                0x080068d4      0x554 ./Drivers/STM32F4xx_HAL_Driver/Src/stm32f4xx_hal_uart.o
                0x080068d4                HAL_UART_IRQHandler
 .text.HAL_UART_TxCpltCallback
                0x08006e28       0x14 ./Drivers/STM32F4xx_HAL_Driver/Src/stm32f4xx_hal_uart.o
                0x08006e28                HAL_UART_TxCpltCallback
 .text.HAL_UART_TxHalfCpltCallback
                0x08006e3c       0x14 ./Drivers/STM32F4xx_HAL_Driver/Src/stm32f4xx_hal_uart.o
                0x08006e3c                HAL_UART_TxHalfCpltCallback
 .text.HAL_UART_RxCpltCallback
                0x08006e50       0x14 ./Drivers/STM32F4xx_HAL_Driver/Src/stm32f4xx_hal_uart.o
                0x08006e50                HAL_UART_RxCpltCallback
 .text.HAL_UART_RxHalfCpltCallback
                0x08006e64       0x14 ./Drivers/STM32F4xx_HAL_Driver/Src/stm32f4xx_hal_uart.o
                0x08006e64                HAL_UART_RxHalfCpltCallback
 .text.HAL_UART_ErrorCallback
                0x08006e78       0x14 ./Drivers/STM32F4xx_HAL_Driver/Src/stm32f4xx_hal_uart.o
                0x08006e78                HAL_UART_ErrorCallback
 .text.HAL_UART_GetState
                0x08006e8c       0x3c ./Drivers/STM32F4xx_HAL_Driver/Src/stm32f4xx_hal_uart.o
                0x08006e8c                HAL_UART_GetState
 .text.UART_DMATransmitCplt
                0x08006ec8       0x9a ./Drivers/STM32F4xx_HAL_Driver/Src/stm32f4xx_hal_uart.o
 .text.UART_DMATxHalfCplt
                0x08006f62       0x1c ./Drivers/STM32F4xx_HAL_Driver/Src/stm32f4xx_hal_uart.o
 .text.UART_DMAReceiveCplt
                0x08006f7e      0x12c ./Drivers/STM32F4xx_HAL_Driver/Src/stm32f4xx_hal_uart.o
 .text.UART_DMARxHalfCplt
                0x080070aa       0x3c ./Drivers/STM32F4xx_HAL_Driver/Src/stm32f4xx_hal_uart.o
 .text.UART_DMAError
                0x080070e6       0x94 ./Drivers/STM32F4xx_HAL_Driver/Src/stm32f4xx_hal_uart.o
 *fill*         0x0800717a        0x2 
 .text.UART_Start_Receive_DMA
                0x0800717c      0x14c ./Drivers/STM32F4xx_HAL_Driver/Src/stm32f4xx_hal_uart.o
                0x0800717c                UART_Start_Receive_DMA
 .text.UART_EndTxTransfer
                0x080072c8       0x50 ./Drivers/STM32F4xx_HAL_Driver/Src/stm32f4xx_hal_uart.o
 .text.UART_EndRxTransfer
                0x08007318       0xc6 ./Drivers/STM32F4xx_HAL_Driver/Src/stm32f4xx_hal_uart.o
 .text.UART_DMAAbortOnError
                0x080073de       0x22 ./Drivers/STM32F4xx_HAL_Driver/Src/stm32f4xx_hal_uart.o
 .text.UART_Transmit_IT
                0x08007400       0xa0 ./Drivers/STM32F4xx_HAL_Driver/Src/stm32f4xx_hal_uart.o
 .text.UART_EndTransmit_IT
                0x080074a0       0x30 ./Drivers/STM32F4xx_HAL_Driver/Src/stm32f4xx_hal_uart.o
 .text.UART_Receive_IT
                0x080074d0      0x17c ./Drivers/STM32F4xx_HAL_Driver/Src/stm32f4xx_hal_uart.o
 .text.UART_SetConfig
                0x0800764c      0x4e8 ./Drivers/STM32F4xx_HAL_Driver/Src/stm32f4xx_hal_uart.o
 .text.memset   0x08007b34       0x10 C:/ST/STM32CubeIDE_1.13.1/STM32CubeIDE/plugins/com.st.stm32cube.ide.mcu.externaltools.gnu-tools-for-stm32.13.3.rel1.win32_1.0.0.202411081344/tools/bin/../lib/gcc/arm-none-eabi/13.3.1/../../../../arm-none-eabi/lib/thumb/v7e-m+fp/hard\libc_nano.a(libc_a-memset.o)
                0x08007b34                memset
 .text.__libc_init_array
                0x08007b44       0x48 C:/ST/STM32CubeIDE_1.13.1/STM32CubeIDE/plugins/com.st.stm32cube.ide.mcu.externaltools.gnu-tools-for-stm32.13.3.rel1.win32_1.0.0.202411081344/tools/bin/../lib/gcc/arm-none-eabi/13.3.1/../../../../arm-none-eabi/lib/thumb/v7e-m+fp/hard\libc_nano.a(libc_a-init.o)
                0x08007b44                __libc_init_array
 *(.glue_7)
 .glue_7        0x08007b8c        0x0 linker stubs
 *(.glue_7t)
 .glue_7t       0x08007b8c        0x0 linker stubs
 *(.eh_frame)
 .eh_frame      0x08007b8c        0x0 C:/ST/STM32CubeIDE_1.13.1/STM32CubeIDE/plugins/com.st.stm32cube.ide.mcu.externaltools.gnu-tools-for-stm32.13.3.rel1.win32_1.0.0.202411081344/tools/bin/../lib/gcc/arm-none-eabi/13.3.1/thumb/v7e-m+fp/hard/crtbegin.o
 *(.init)
 .init          0x08007b8c        0x4 C:/ST/STM32CubeIDE_1.13.1/STM32CubeIDE/plugins/com.st.stm32cube.ide.mcu.externaltools.gnu-tools-for-stm32.13.3.rel1.win32_1.0.0.202411081344/tools/bin/../lib/gcc/arm-none-eabi/13.3.1/thumb/v7e-m+fp/hard/crti.o
                0x08007b8c                _init
 .init          0x08007b90        0x8 C:/ST/STM32CubeIDE_1.13.1/STM32CubeIDE/plugins/com.st.stm32cube.ide.mcu.externaltools.gnu-tools-for-stm32.13.3.rel1.win32_1.0.0.202411081344/tools/bin/../lib/gcc/arm-none-eabi/13.3.1/thumb/v7e-m+fp/hard/crtn.o
 *(.fini)
 .fini          0x08007b98        0x4 C:/ST/STM32CubeIDE_1.13.1/STM32CubeIDE/plugins/com.st.stm32cube.ide.mcu.externaltools.gnu-tools-for-stm32.13.3.rel1.win32_1.0.0.202411081344/tools/bin/../lib/gcc/arm-none-eabi/13.3.1/thumb/v7e-m+fp/hard/crti.o
                0x08007b98                _fini
 .fini          0x08007b9c        0x8 C:/ST/STM32CubeIDE_1.13.1/STM32CubeIDE/plugins/com.st.stm32cube.ide.mcu.externaltools.gnu-tools-for-stm32.13.3.rel1.win32_1.0.0.202411081344/tools/bin/../lib/gcc/arm-none-eabi/13.3.1/thumb/v7e-m+fp/hard/crtn.o
                0x08007ba4                        . = ALIGN (0x4)
                0x08007ba4                        _etext = .

.vfp11_veneer   0x08007ba4        0x0
 .vfp11_veneer  0x08007ba4        0x0 linker stubs

.v4_bx          0x08007ba4        0x0
 .v4_bx         0x08007ba4        0x0 linker stubs

.iplt           0x08007ba4        0x0
 .iplt          0x08007ba4        0x0 C:/ST/STM32CubeIDE_1.13.1/STM32CubeIDE/plugins/com.st.stm32cube.ide.mcu.externaltools.gnu-tools-for-stm32.13.3.rel1.win32_1.0.0.202411081344/tools/bin/../lib/gcc/arm-none-eabi/13.3.1/thumb/v7e-m+fp/hard/crtbegin.o

.rodata         0x08007ba4       0x84
                0x08007ba4                        . = ALIGN (0x4)
 *(.rodata)
 *(.rodata*)
 .rodata.is_32bit
                0x08007ba4        0x4 ./Core/Src/encoder.o
 .rodata.hw     0x08007ba8       0x60 ./Core/Src/motor_control.o
 .rodata.AHBPrescTable
                0x08007c08       0x10 ./Core/Src/system_stm32f4xx.o
                0x08007c08                AHBPrescTable
 .rodata.APBPrescTable
                0x08007c18        0x8 ./Core/Src/system_stm32f4xx.o
                0x08007c18                APBPrescTable
 .rodata.flagBitshiftOffset.0
                0x08007c20        0x8 ./Drivers/STM32F4xx_HAL_Driver/Src/stm32f4xx_hal_dma.o
                0x08007c28                        . = ALIGN (0x4)

.ARM.extab      0x08007c28        0x0
                0x08007c28                        . = ALIGN (0x4)
 *(.ARM.extab* .gnu.linkonce.armextab.*)
                0x08007c28                        . = ALIGN (0x4)

.ARM            0x08007c28        0x8
                0x08007c28                        . = ALIGN (0x4)
                0x08007c28                        __exidx_start = .
 *(.ARM.exidx*)
 .ARM.exidx     0x08007c28        0x8 C:/ST/STM32CubeIDE_1.13.1/STM32CubeIDE/plugins/com.st.stm32cube.ide.mcu.externaltools.gnu-tools-for-stm32.13.3.rel1.win32_1.0.0.202411081344/tools/bin/../lib/gcc/arm-none-eabi/13.3.1/thumb/v7e-m+fp/hard\libgcc.a(_udivmoddi4.o)
                0x08007c30                        __exidx_end = .
                0x08007c30                        . = ALIGN (0x4)

.preinit_array  0x08007c30        0x0
                0x08007c30                        . = ALIGN (0x4)
                0x08007c30                        PROVIDE (__preinit_array_start = .)
 *(.preinit_array*)
                0x08007c30                        PROVIDE (__preinit_array_end = .)
                0x08007c30                        . = ALIGN (0x4)

.init_array     0x08007c30        0x4
                0x08007c30                        . = ALIGN (0x4)
                0x08007c30                        PROVIDE (__init_array_start = .)
 *(SORT_BY_NAME(.init_array.*))
 *(.init_array*)
 .init_array    0x08007c30        0x4 C:/ST/STM32CubeIDE_1.13.1/STM32CubeIDE/plugins/com.st.stm32cube.ide.mcu.externaltools.gnu-tools-for-stm32.13.3.rel1.win32_1.0.0.202411081344/tools/bin/../lib/gcc/arm-none-eabi/13.3.1/thumb/v7e-m+fp/hard/crtbegin.o
                0x08007c34                        PROVIDE (__init_array_end = .)
                0x08007c34                        . = ALIGN (0x4)

.fini_array     0x08007c34        0x4
                0x08007c34                        . = ALIGN (0x4)
                [!provide]                        PROVIDE (__fini_array_start = .)
 *(SORT_BY_NAME(.fini_array.*))
 *(.fini_array*)
 .fini_array    0x08007c34        0x4 C:/ST/STM32CubeIDE_1.13.1/STM32CubeIDE/plugins/com.st.stm32cube.ide.mcu.externaltools.gnu-tools-for-stm32.13.3.rel1.win32_1.0.0.202411081344/tools/bin/../lib/gcc/arm-none-eabi/13.3.1/thumb/v7e-m+fp/hard/crtbegin.o
                [!provide]                        PROVIDE (__fini_array_end = .)
                0x08007c38                        . = ALIGN (0x4)
                0x08007c38                        _sidata = LOADADDR (.data)

.rel.dyn        0x08007c38        0x0
 .rel.iplt      0x08007c38        0x0 C:/ST/STM32CubeIDE_1.13.1/STM32CubeIDE/plugins/com.st.stm32cube.ide.mcu.externaltools.gnu-tools-for-stm32.13.3.rel1.win32_1.0.0.202411081344/tools/bin/../lib/gcc/arm-none-eabi/13.3.1/thumb/v7e-m+fp/hard/crtbegin.o

.data           0x20000000       0x1c load address 0x08007c38
                0x20000000                        . = ALIGN (0x4)
                0x20000000                        _sdata = .
 *(.data)
 *(.data*)
 .data.enc_tim  0x20000000       0x10 ./Core/Src/encoder.o
 .data.SystemCoreClock
                0x20000010        0x4 ./Core/Src/system_stm32f4xx.o
                0x20000010                SystemCoreClock
 .data.uwTickPrio
                0x20000014        0x4 ./Drivers/STM32F4xx_HAL_Driver/Src/stm32f4xx_hal.o
                0x20000014                uwTickPrio
 .data.uwTickFreq
                0x20000018        0x1 ./Drivers/STM32F4xx_HAL_Driver/Src/stm32f4xx_hal.o
                0x20000018                uwTickFreq
 *(.RamFunc)
 *(.RamFunc*)
                0x2000001c                        . = ALIGN (0x4)
 *fill*         0x20000019        0x3 
                0x2000001c                        _edata = .

.igot.plt       0x2000001c        0x0 load address 0x08007c54
 .igot.plt      0x2000001c        0x0 C:/ST/STM32CubeIDE_1.13.1/STM32CubeIDE/plugins/com.st.stm32cube.ide.mcu.externaltools.gnu-tools-for-stm32.13.3.rel1.win32_1.0.0.202411081344/tools/bin/../lib/gcc/arm-none-eabi/13.3.1/thumb/v7e-m+fp/hard/crtbegin.o
                0x2000001c                        . = ALIGN (0x4)

.bss            0x2000001c      0x4cc load address 0x08007c54
                0x2000001c                        _sbss = .
                0x2000001c                        __bss_start__ = _sbss
 *(.bss)
 .bss           0x2000001c       0x1c C:/ST/STM32CubeIDE_1.13.1/STM32CubeIDE/plugins/com.st.stm32cube.ide.mcu.externaltools.gnu-tools-for-stm32.13.3.rel1.win32_1.0.0.202411081344/tools/bin/../lib/gcc/arm-none-eabi/13.3.1/thumb/v7e-m+fp/hard/crtbegin.o
 *(.bss*)
 .bss.rx_buf    0x20000038       0x40 ./Core/Src/comm.o
 .bss.tx_buf    0x20000078       0x40 ./Core/Src/comm.o
 .bss.g_ctrl    0x200000b8       0xb8 ./Core/Src/control_loop.o
                0x200000b8                g_ctrl
 .bss.enc       0x20000170       0x50 ./Core/Src/encoder.o
 .bss.hi2c1     0x200001c0       0x54 ./Core/Src/i2c.o
                0x200001c0                hi2c1
 .bss.state     0x20000214       0x18 ./Core/Src/motor_control.o
 .bss.htim1     0x2000022c       0x48 ./Core/Src/tim.o
                0x2000022c                htim1
 .bss.htim2     0x20000274       0x48 ./Core/Src/tim.o
                0x20000274                htim2
 .bss.htim3     0x200002bc       0x48 ./Core/Src/tim.o
                0x200002bc                htim3
 .bss.htim4     0x20000304       0x48 ./Core/Src/tim.o
                0x20000304                htim4
 .bss.htim5     0x2000034c       0x48 ./Core/Src/tim.o
                0x2000034c                htim5
 .bss.htim10    0x20000394       0x48 ./Core/Src/tim.o
                0x20000394                htim10
 .bss.huart2    0x200003dc       0x48 ./Core/Src/usart.o
                0x200003dc                huart2
 .bss.hdma_usart2_rx
                0x20000424       0x60 ./Core/Src/usart.o
                0x20000424                hdma_usart2_rx
 .bss.hdma_usart2_tx
                0x20000484       0x60 ./Core/Src/usart.o
                0x20000484                hdma_usart2_tx
 .bss.uwTick    0x200004e4        0x4 ./Drivers/STM32F4xx_HAL_Driver/Src/stm32f4xx_hal.o
                0x200004e4                uwTick
 *(COMMON)
                0x200004e8                        . = ALIGN (0x4)
                0x200004e8                        _ebss = .
                0x200004e8                        __bss_end__ = _ebss

._user_heap_stack
                0x200004e8      0x600 load address 0x08007c54
                0x200004e8                        . = ALIGN (0x8)
                [!provide]                        PROVIDE (end = .)
                0x200004e8                        PROVIDE (_end = .)
                0x200006e8                        . = (. + _Min_Heap_Size)
 *fill*         0x200004e8      0x200 
                0x20000ae8                        . = (. + _Min_Stack_Size)
 *fill*         0x200006e8      0x400 
                0x20000ae8                        . = ALIGN (0x8)

/DISCARD/
 libc.a(*)
 libm.a(*)
 libgcc.a(*)

.ARM.attributes
                0x00000000       0x30
 *(.ARM.attributes)
 .ARM.attributes
                0x00000000       0x22 C:/ST/STM32CubeIDE_1.13.1/STM32CubeIDE/plugins/com.st.stm32cube.ide.mcu.externaltools.gnu-tools-for-stm32.13.3.rel1.win32_1.0.0.202411081344/tools/bin/../lib/gcc/arm-none-eabi/13.3.1/thumb/v7e-m+fp/hard/crti.o
 .ARM.attributes
                0x00000022       0x34 C:/ST/STM32CubeIDE_1.13.1/STM32CubeIDE/plugins/com.st.stm32cube.ide.mcu.externaltools.gnu-tools-for-stm32.13.3.rel1.win32_1.0.0.202411081344/tools/bin/../lib/gcc/arm-none-eabi/13.3.1/thumb/v7e-m+fp/hard/crtbegin.o
 .ARM.attributes
                0x00000056       0x34 ./Core/Src/comm.o
 .ARM.attributes
                0x0000008a       0x34 ./Core/Src/control_loop.o
 .ARM.attributes
                0x000000be       0x34 ./Core/Src/dma.o
 .ARM.attributes
                0x000000f2       0x34 ./Core/Src/encoder.o
 .ARM.attributes
                0x00000126       0x34 ./Core/Src/gpio.o
 .ARM.attributes
                0x0000015a       0x34 ./Core/Src/i2c.o
 .ARM.attributes
                0x0000018e       0x34 ./Core/Src/main.o
 .ARM.attributes
                0x000001c2       0x34 ./Core/Src/motor_control.o
 .ARM.attributes
                0x000001f6       0x34 ./Core/Src/pid.o
 .ARM.attributes
                0x0000022a       0x34 ./Core/Src/stm32f4xx_hal_msp.o
 .ARM.attributes
                0x0000025e       0x34 ./Core/Src/stm32f4xx_it.o
 .ARM.attributes
                0x00000292       0x34 ./Core/Src/system_stm32f4xx.o
 .ARM.attributes
                0x000002c6       0x34 ./Core/Src/tim.o
 .ARM.attributes
                0x000002fa       0x34 ./Core/Src/usart.o
 .ARM.attributes
                0x0000032e       0x21 ./Core/Startup/startup_stm32f401rctx.o
 .ARM.attributes
                0x0000034f       0x34 ./Drivers/STM32F4xx_HAL_Driver/Src/stm32f4xx_hal.o
 .ARM.attributes
                0x00000383       0x34 ./Drivers/STM32F4xx_HAL_Driver/Src/stm32f4xx_hal_cortex.o
 .ARM.attributes
                0x000003b7       0x34 ./Drivers/STM32F4xx_HAL_Driver/Src/stm32f4xx_hal_dma.o
 .ARM.attributes
                0x000003eb       0x34 ./Drivers/STM32F4xx_HAL_Driver/Src/stm32f4xx_hal_gpio.o
 .ARM.attributes
                0x0000041f       0x34 ./Drivers/STM32F4xx_HAL_Driver/Src/stm32f4xx_hal_i2c.o
 .ARM.attributes
                0x00000453       0x34 ./Drivers/STM32F4xx_HAL_Driver/Src/stm32f4xx_hal_rcc.o
 .ARM.attributes
                0x00000487       0x34 ./Drivers/STM32F4xx_HAL_Driver/Src/stm32f4xx_hal_tim.o
 .ARM.attributes
                0x000004bb       0x34 ./Drivers/STM32F4xx_HAL_Driver/Src/stm32f4xx_hal_tim_ex.o
 .ARM.attributes
                0x000004ef       0x34 ./Drivers/STM32F4xx_HAL_Driver/Src/stm32f4xx_hal_uart.o
 .ARM.attributes
                0x00000523       0x34 C:/ST/STM32CubeIDE_1.13.1/STM32CubeIDE/plugins/com.st.stm32cube.ide.mcu.externaltools.gnu-tools-for-stm32.13.3.rel1.win32_1.0.0.202411081344/tools/bin/../lib/gcc/arm-none-eabi/13.3.1/../../../../arm-none-eabi/lib/thumb/v7e-m+fp/hard\libc_nano.a(libc_a-memset.o)
 .ARM.attributes
                0x00000557       0x34 C:/ST/STM32CubeIDE_1.13.1/STM32CubeIDE/plugins/com.st.stm32cube.ide.mcu.externaltools.gnu-tools-for-stm32.13.3.rel1.win32_1.0.0.202411081344/tools/bin/../lib/gcc/arm-none-eabi/13.3.1/../../../../arm-none-eabi/lib/thumb/v7e-m+fp/hard\libc_nano.a(libc_a-init.o)
 .ARM.attributes
                0x0000058b       0x22 C:/ST/STM32CubeIDE_1.13.1/STM32CubeIDE/plugins/com.st.stm32cube.ide.mcu.externaltools.gnu-tools-for-stm32.13.3.rel1.win32_1.0.0.202411081344/tools/bin/../lib/gcc/arm-none-eabi/13.3.1/thumb/v7e-m+fp/hard\libgcc.a(_aeabi_uldivmod.o)
 .ARM.attributes
                0x000005ad       0x34 C:/ST/STM32CubeIDE_1.13.1/STM32CubeIDE/plugins/com.st.stm32cube.ide.mcu.externaltools.gnu-tools-for-stm32.13.3.rel1.win32_1.0.0.202411081344/tools/bin/../lib/gcc/arm-none-eabi/13.3.1/thumb/v7e-m+fp/hard\libgcc.a(_udivmoddi4.o)
 .ARM.attributes
                0x000005e1       0x22 C:/ST/STM32CubeIDE_1.13.1/STM32CubeIDE/plugins/com.st.stm32cube.ide.mcu.externaltools.gnu-tools-for-stm32.13.3.rel1.win32_1.0.0.202411081344/tools/bin/../lib/gcc/arm-none-eabi/13.3.1/thumb/v7e-m+fp/hard\libgcc.a(_dvmd_tls.o)
 .ARM.attributes
                0x00000603       0x22 C:/ST/STM32CubeIDE_1.13.1/STM32CubeIDE/plugins/com.st.stm32cube.ide.mcu.externaltools.gnu-tools-for-stm32.13.3.rel1.win32_1.0.0.202411081344/tools/bin/../lib/gcc/arm-none-eabi/13.3.1/thumb/v7e-m+fp/hard/crtn.o
OUTPUT(yarab.elf elf32-littlearm)
LOAD linker stubs
LOAD C:/ST/STM32CubeIDE_1.13.1/STM32CubeIDE/plugins/com.st.stm32cube.ide.mcu.externaltools.gnu-tools-for-stm32.13.3.rel1.win32_1.0.0.202411081344/tools/bin/../lib/gcc/arm-none-eabi/13.3.1/../../../../arm-none-eabi/lib/thumb/v7e-m+fp/hard\libc.a
LOAD C:/ST/STM32CubeIDE_1.13.1/STM32CubeIDE/plugins/com.st.stm32cube.ide.mcu.externaltools.gnu-tools-for-stm32.13.3.rel1.win32_1.0.0.202411081344/tools/bin/../lib/gcc/arm-none-eabi/13.3.1/../../../../arm-none-eabi/lib/thumb/v7e-m+fp/hard\libm.a
LOAD C:/ST/STM32CubeIDE_1.13.1/STM32CubeIDE/plugins/com.st.stm32cube.ide.mcu.externaltools.gnu-tools-for-stm32.13.3.rel1.win32_1.0.0.202411081344/tools/bin/../lib/gcc/arm-none-eabi/13.3.1/thumb/v7e-m+fp/hard\libgcc.a

.debug_info     0x00000000    0x138a6
 .debug_info    0x00000000      0xaaa ./Core/Src/comm.o
 .debug_info    0x00000aaa      0x3af ./Core/Src/control_loop.o
 .debug_info    0x00000e59      0x43f ./Core/Src/dma.o
 .debug_info    0x00001298      0x8ee ./Core/Src/encoder.o
 .debug_info    0x00001b86      0x433 ./Core/Src/gpio.o
 .debug_info    0x00001fb9      0xb80 ./Core/Src/i2c.o
 .debug_info    0x00002b39      0xd4d ./Core/Src/main.o
 .debug_info    0x00003886      0xacf ./Core/Src/motor_control.o
 .debug_info    0x00004355      0x244 ./Core/Src/pid.o
 .debug_info    0x00004599      0x291 ./Core/Src/stm32f4xx_hal_msp.o
 .debug_info    0x0000482a      0xd2d ./Core/Src/stm32f4xx_it.o
 .debug_info    0x00005557      0x53e ./Core/Src/system_stm32f4xx.o
 .debug_info    0x00005a95     0x11f3 ./Core/Src/tim.o
 .debug_info    0x00006c88      0xb73 ./Core/Src/usart.o
 .debug_info    0x000077fb       0x30 ./Core/Startup/startup_stm32f401rctx.o
 .debug_info    0x0000782b      0x8bb ./Drivers/STM32F4xx_HAL_Driver/Src/stm32f4xx_hal.o
 .debug_info    0x000080e6      0xcf6 ./Drivers/STM32F4xx_HAL_Driver/Src/stm32f4xx_hal_cortex.o
 .debug_info    0x00008ddc      0x8e6 ./Drivers/STM32F4xx_HAL_Driver/Src/stm32f4xx_hal_dma.o
 .debug_info    0x000096c2      0x6f9 ./Drivers/STM32F4xx_HAL_Driver/Src/stm32f4xx_hal_gpio.o
 .debug_info    0x00009dbb     0x2426 ./Drivers/STM32F4xx_HAL_Driver/Src/stm32f4xx_hal_i2c.o
 .debug_info    0x0000c1e1      0x905 ./Drivers/STM32F4xx_HAL_Driver/Src/stm32f4xx_hal_rcc.o
 .debug_info    0x0000cae6     0x2996 ./Drivers/STM32F4xx_HAL_Driver/Src/stm32f4xx_hal_tim.o
 .debug_info    0x0000f47c     0x14d4 ./Drivers/STM32F4xx_HAL_Driver/Src/stm32f4xx_hal_tim_ex.o
 .debug_info    0x00010950     0x2f56 ./Drivers/STM32F4xx_HAL_Driver/Src/stm32f4xx_hal_uart.o

.debug_abbrev   0x00000000     0x300e
 .debug_abbrev  0x00000000      0x26a ./Core/Src/comm.o
 .debug_abbrev  0x0000026a      0x194 ./Core/Src/control_loop.o
 .debug_abbrev  0x000003fe      0x10e ./Core/Src/dma.o
 .debug_abbrev  0x0000050c      0x220 ./Core/Src/encoder.o
 .debug_abbrev  0x0000072c      0x151 ./Core/Src/gpio.o
 .debug_abbrev  0x0000087d      0x20f ./Core/Src/i2c.o
 .debug_abbrev  0x00000a8c      0x23a ./Core/Src/main.o
 .debug_abbrev  0x00000cc6      0x24f ./Core/Src/motor_control.o
 .debug_abbrev  0x00000f15      0x11c ./Core/Src/pid.o
 .debug_abbrev  0x00001031       0xd8 ./Core/Src/stm32f4xx_hal_msp.o
 .debug_abbrev  0x00001109      0x1ff ./Core/Src/stm32f4xx_it.o
 .debug_abbrev  0x00001308      0x11a ./Core/Src/system_stm32f4xx.o
 .debug_abbrev  0x00001422      0x291 ./Core/Src/tim.o
 .debug_abbrev  0x000016b3      0x22d ./Core/Src/usart.o
 .debug_abbrev  0x000018e0       0x24 ./Core/Startup/startup_stm32f401rctx.o
 .debug_abbrev  0x00001904      0x24b ./Drivers/STM32F4xx_HAL_Driver/Src/stm32f4xx_hal.o
 .debug_abbrev  0x00001b4f      0x31d ./Drivers/STM32F4xx_HAL_Driver/Src/stm32f4xx_hal_cortex.o
 .debug_abbrev  0x00001e6c      0x221 ./Drivers/STM32F4xx_HAL_Driver/Src/stm32f4xx_hal_dma.o
 .debug_abbrev  0x0000208d      0x1d3 ./Drivers/STM32F4xx_HAL_Driver/Src/stm32f4xx_hal_gpio.o
 .debug_abbrev  0x00002260      0x2bc ./Drivers/STM32F4xx_HAL_Driver/Src/stm32f4xx_hal_i2c.o
 .debug_abbrev  0x0000251c      0x2b6 ./Drivers/STM32F4xx_HAL_Driver/Src/stm32f4xx_hal_rcc.o
 .debug_abbrev  0x000027d2      0x28b ./Drivers/STM32F4xx_HAL_Driver/Src/stm32f4xx_hal_tim.o
 .debug_abbrev  0x00002a5d      0x296 ./Drivers/STM32F4xx_HAL_Driver/Src/stm32f4xx_hal_tim_ex.o
 .debug_abbrev  0x00002cf3      0x31b ./Drivers/STM32F4xx_HAL_Driver/Src/stm32f4xx_hal_uart.o

.debug_aranges  0x00000000     0x1158
 .debug_aranges
                0x00000000       0x48 ./Core/Src/comm.o
 .debug_aranges
                0x00000048       0x48 ./Core/Src/control_loop.o
 .debug_aranges
                0x00000090       0x20 ./Core/Src/dma.o
 .debug_aranges
                0x000000b0       0x48 ./Core/Src/encoder.o
 .debug_aranges
                0x000000f8       0x20 ./Core/Src/gpio.o
 .debug_aranges
                0x00000118       0x30 ./Core/Src/i2c.o
 .debug_aranges
                0x00000148       0x30 ./Core/Src/main.o
 .debug_aranges
                0x00000178       0x70 ./Core/Src/motor_control.o
 .debug_aranges
                0x000001e8       0x38 ./Core/Src/pid.o
 .debug_aranges
                0x00000220       0x20 ./Core/Src/stm32f4xx_hal_msp.o
 .debug_aranges
                0x00000240       0xa0 ./Core/Src/stm32f4xx_it.o
 .debug_aranges
                0x000002e0       0x28 ./Core/Src/system_stm32f4xx.o
 .debug_aranges
                0x00000308       0x80 ./Core/Src/tim.o
 .debug_aranges
                0x00000388       0x30 ./Core/Src/usart.o
 .debug_aranges
                0x000003b8       0x28 ./Core/Startup/startup_stm32f401rctx.o
 .debug_aranges
                0x000003e0       0xf0 ./Drivers/STM32F4xx_HAL_Driver/Src/stm32f4xx_hal.o
 .debug_aranges
                0x000004d0      0x130 ./Drivers/STM32F4xx_HAL_Driver/Src/stm32f4xx_hal_cortex.o
 .debug_aranges
                0x00000600       0x90 ./Drivers/STM32F4xx_HAL_Driver/Src/stm32f4xx_hal_dma.o
 .debug_aranges
                0x00000690       0x58 ./Drivers/STM32F4xx_HAL_Driver/Src/stm32f4xx_hal_gpio.o
 .debug_aranges
                0x000006e8      0x2a8 ./Drivers/STM32F4xx_HAL_Driver/Src/stm32f4xx_hal_i2c.o
 .debug_aranges
                0x00000990       0x88 ./Drivers/STM32F4xx_HAL_Driver/Src/stm32f4xx_hal_rcc.o
 .debug_aranges
                0x00000a18      0x3d0 ./Drivers/STM32F4xx_HAL_Driver/Src/stm32f4xx_hal_tim.o
 .debug_aranges
                0x00000de8      0x168 ./Drivers/STM32F4xx_HAL_Driver/Src/stm32f4xx_hal_tim_ex.o
 .debug_aranges
                0x00000f50      0x208 ./Drivers/STM32F4xx_HAL_Driver/Src/stm32f4xx_hal_uart.o

.debug_rnglists
                0x00000000      0xda0
 .debug_rnglists
                0x00000000       0x42 ./Core/Src/comm.o
 .debug_rnglists
                0x00000042       0x33 ./Core/Src/control_loop.o
 .debug_rnglists
                0x00000075       0x13 ./Core/Src/dma.o
 .debug_rnglists
                0x00000088       0x34 ./Core/Src/encoder.o
 .debug_rnglists
                0x000000bc       0x14 ./Core/Src/gpio.o
 .debug_rnglists
                0x000000d0       0x20 ./Core/Src/i2c.o
 .debug_rnglists
                0x000000f0       0x21 ./Core/Src/main.o
 .debug_rnglists
                0x00000111       0x53 ./Core/Src/motor_control.o
 .debug_rnglists
                0x00000164       0x26 ./Core/Src/pid.o
 .debug_rnglists
                0x0000018a       0x13 ./Core/Src/stm32f4xx_hal_msp.o
 .debug_rnglists
                0x0000019d       0x73 ./Core/Src/stm32f4xx_it.o
 .debug_rnglists
                0x00000210       0x1a ./Core/Src/system_stm32f4xx.o
 .debug_rnglists
                0x0000022a       0x62 ./Core/Src/tim.o
 .debug_rnglists
                0x0000028c       0x20 ./Core/Src/usart.o
 .debug_rnglists
                0x000002ac       0x19 ./Core/Startup/startup_stm32f401rctx.o
 .debug_rnglists
                0x000002c5       0xaf ./Drivers/STM32F4xx_HAL_Driver/Src/stm32f4xx_hal.o
 .debug_rnglists
                0x00000374       0xe0 ./Drivers/STM32F4xx_HAL_Driver/Src/stm32f4xx_hal_cortex.o
 .debug_rnglists
                0x00000454       0x70 ./Drivers/STM32F4xx_HAL_Driver/Src/stm32f4xx_hal_dma.o
 .debug_rnglists
                0x000004c4       0x3f ./Drivers/STM32F4xx_HAL_Driver/Src/stm32f4xx_hal_gpio.o
 .debug_rnglists
                0x00000503      0x23c ./Drivers/STM32F4xx_HAL_Driver/Src/stm32f4xx_hal_i2c.o
 .debug_rnglists
                0x0000073f       0x66 ./Drivers/STM32F4xx_HAL_Driver/Src/stm32f4xx_hal_rcc.o
 .debug_rnglists
                0x000007a5      0x31a ./Drivers/STM32F4xx_HAL_Driver/Src/stm32f4xx_hal_tim.o
 .debug_rnglists
                0x00000abf      0x125 ./Drivers/STM32F4xx_HAL_Driver/Src/stm32f4xx_hal_tim_ex.o
 .debug_rnglists
                0x00000be4      0x1bc ./Drivers/STM32F4xx_HAL_Driver/Src/stm32f4xx_hal_uart.o

.debug_macro    0x00000000    0x171c0
 .debug_macro   0x00000000      0x243 ./Core/Src/comm.o
 .debug_macro   0x00000243      0xad8 ./Core/Src/comm.o
 .debug_macro   0x00000d1b      0x2a1 ./Core/Src/comm.o
 .debug_macro   0x00000fbc       0x2e ./Core/Src/comm.o
 .debug_macro   0x00000fea       0x28 ./Core/Src/comm.o
 .debug_macro   0x00001012       0x22 ./Core/Src/comm.o
 .debug_macro   0x00001034       0x8e ./Core/Src/comm.o
 .debug_macro   0x000010c2       0x51 ./Core/Src/comm.o
 .debug_macro   0x00001113      0x103 ./Core/Src/comm.o
 .debug_macro   0x00001216       0x6a ./Core/Src/comm.o
 .debug_macro   0x00001280      0x1df ./Core/Src/comm.o
 .debug_macro   0x0000145f       0x1c ./Core/Src/comm.o
 .debug_macro   0x0000147b       0x22 ./Core/Src/comm.o
 .debug_macro   0x0000149d       0xfb ./Core/Src/comm.o
 .debug_macro   0x00001598     0x1011 ./Core/Src/comm.o
 .debug_macro   0x000025a9      0x11f ./Core/Src/comm.o
 .debug_macro   0x000026c8     0xb881 ./Core/Src/comm.o
 .debug_macro   0x0000df49       0x6d ./Core/Src/comm.o
 .debug_macro   0x0000dfb6     0x3693 ./Core/Src/comm.o
 .debug_macro   0x00011649      0x190 ./Core/Src/comm.o
 .debug_macro   0x000117d9       0x5c ./Core/Src/comm.o
 .debug_macro   0x00011835      0x416 ./Core/Src/comm.o
 .debug_macro   0x00011c4b      0x9e9 ./Core/Src/comm.o
 .debug_macro   0x00012634      0x115 ./Core/Src/comm.o
 .debug_macro   0x00012749       0xf8 ./Core/Src/comm.o
 .debug_macro   0x00012841       0xa5 ./Core/Src/comm.o
 .debug_macro   0x000128e6      0x15f ./Core/Src/comm.o
 .debug_macro   0x00012a45      0x287 ./Core/Src/comm.o
 .debug_macro   0x00012ccc       0x5f ./Core/Src/comm.o
 .debug_macro   0x00012d2b      0x236 ./Core/Src/comm.o
 .debug_macro   0x00012f61      0x132 ./Core/Src/comm.o
 .debug_macro   0x00013093      0x23a ./Core/Src/comm.o
 .debug_macro   0x000132cd       0x2e ./Core/Src/comm.o
 .debug_macro   0x000132fb      0x1b5 ./Core/Src/comm.o
 .debug_macro   0x000134b0       0x22 ./Core/Src/comm.o
 .debug_macro   0x000134d2       0xd6 ./Core/Src/comm.o
 .debug_macro   0x000135a8      0x127 ./Core/Src/comm.o
 .debug_macro   0x000136cf       0x85 ./Core/Src/comm.o
 .debug_macro   0x00013754       0x89 ./Core/Src/comm.o
 .debug_macro   0x000137dd      0x8ed ./Core/Src/comm.o
 .debug_macro   0x000140ca       0x47 ./Core/Src/comm.o
 .debug_macro   0x00014111      0x2aa ./Core/Src/comm.o
 .debug_macro   0x000143bb      0x126 ./Core/Src/comm.o
 .debug_macro   0x000144e1       0x1c ./Core/Src/comm.o
 .debug_macro   0x000144fd       0x76 ./Core/Src/comm.o
 .debug_macro   0x00014573       0x3a ./Core/Src/comm.o
 .debug_macro   0x000145ad       0x1c ./Core/Src/comm.o
 .debug_macro   0x000145c9       0x22 ./Core/Src/comm.o
 .debug_macro   0x000145eb       0x16 ./Core/Src/comm.o
 .debug_macro   0x00014601      0x227 ./Core/Src/control_loop.o
 .debug_macro   0x00014828       0x16 ./Core/Src/control_loop.o
 .debug_macro   0x0001483e      0x200 ./Core/Src/dma.o
 .debug_macro   0x00014a3e       0x70 ./Core/Src/dma.o
 .debug_macro   0x00014aae      0x209 ./Core/Src/encoder.o
 .debug_macro   0x00014cb7      0x200 ./Core/Src/gpio.o
 .debug_macro   0x00014eb7      0x200 ./Core/Src/i2c.o
 .debug_macro   0x000150b7      0x26f ./Core/Src/main.o
 .debug_macro   0x00015326       0x22 ./Core/Src/main.o
 .debug_macro   0x00015348      0x216 ./Core/Src/motor_control.o
 .debug_macro   0x0001555e       0x6d ./Core/Src/pid.o
 .debug_macro   0x000155cb      0x1f6 ./Core/Src/stm32f4xx_hal_msp.o
 .debug_macro   0x000157c1      0x219 ./Core/Src/stm32f4xx_it.o
 .debug_macro   0x000159da      0x1e7 ./Core/Src/system_stm32f4xx.o
 .debug_macro   0x00015bc1      0x200 ./Core/Src/tim.o
 .debug_macro   0x00015dc1      0x200 ./Core/Src/usart.o
 .debug_macro   0x00015fc1      0x247 ./Drivers/STM32F4xx_HAL_Driver/Src/stm32f4xx_hal.o
 .debug_macro   0x00016208      0x1e7 ./Drivers/STM32F4xx_HAL_Driver/Src/stm32f4xx_hal_cortex.o
 .debug_macro   0x000163ef      0x1ed ./Drivers/STM32F4xx_HAL_Driver/Src/stm32f4xx_hal_dma.o
 .debug_macro   0x000165dc      0x1ed ./Drivers/STM32F4xx_HAL_Driver/Src/stm32f4xx_hal_gpio.o
 .debug_macro   0x000167c9      0x235 ./Drivers/STM32F4xx_HAL_Driver/Src/stm32f4xx_hal_i2c.o
 .debug_macro   0x000169fe      0x20b ./Drivers/STM32F4xx_HAL_Driver/Src/stm32f4xx_hal_rcc.o
 .debug_macro   0x00016c09      0x1e8 ./Drivers/STM32F4xx_HAL_Driver/Src/stm32f4xx_hal_tim.o
 .debug_macro   0x00016df1      0x1e7 ./Drivers/STM32F4xx_HAL_Driver/Src/stm32f4xx_hal_tim_ex.o
 .debug_macro   0x00016fd8      0x1e8 ./Drivers/STM32F4xx_HAL_Driver/Src/stm32f4xx_hal_uart.o

.debug_line     0x00000000    0x1688a
 .debug_line    0x00000000      0x9e8 ./Core/Src/comm.o
 .debug_line    0x000009e8      0x902 ./Core/Src/control_loop.o
 .debug_line    0x000012ea      0x775 ./Core/Src/dma.o
 .debug_line    0x00001a5f      0x908 ./Core/Src/encoder.o
 .debug_line    0x00002367      0x795 ./Core/Src/gpio.o
 .debug_line    0x00002afc      0x7eb ./Core/Src/i2c.o
 .debug_line    0x000032e7      0x88a ./Core/Src/main.o
 .debug_line    0x00003b71      0xa2d ./Core/Src/motor_control.o
 .debug_line    0x0000459e      0x4f6 ./Core/Src/pid.o
 .debug_line    0x00004a94      0x777 ./Core/Src/stm32f4xx_hal_msp.o
 .debug_line    0x0000520b      0x928 ./Core/Src/stm32f4xx_it.o
 .debug_line    0x00005b33      0x7ed ./Core/Src/system_stm32f4xx.o
 .debug_line    0x00006320      0xb6d ./Core/Src/tim.o
 .debug_line    0x00006e8d      0x83e ./Core/Src/usart.o
 .debug_line    0x000076cb       0x7a ./Core/Startup/startup_stm32f401rctx.o
 .debug_line    0x00007745      0xa69 ./Drivers/STM32F4xx_HAL_Driver/Src/stm32f4xx_hal.o
 .debug_line    0x000081ae      0xd39 ./Drivers/STM32F4xx_HAL_Driver/Src/stm32f4xx_hal_cortex.o
 .debug_line    0x00008ee7      0xfd5 ./Drivers/STM32F4xx_HAL_Driver/Src/stm32f4xx_hal_dma.o
 .debug_line    0x00009ebc      0xb85 ./Drivers/STM32F4xx_HAL_Driver/Src/stm32f4xx_hal_gpio.o
 .debug_line    0x0000aa41     0x3b16 ./Drivers/STM32F4xx_HAL_Driver/Src/stm32f4xx_hal_i2c.o
 .debug_line    0x0000e557      0xe76 ./Drivers/STM32F4xx_HAL_Driver/Src/stm32f4xx_hal_rcc.o
 .debug_line    0x0000f3cd     0x35a8 ./Drivers/STM32F4xx_HAL_Driver/Src/stm32f4xx_hal_tim.o
 .debug_line    0x00012975     0x1964 ./Drivers/STM32F4xx_HAL_Driver/Src/stm32f4xx_hal_tim_ex.o
 .debug_line    0x000142d9     0x25b1 ./Drivers/STM32F4xx_HAL_Driver/Src/stm32f4xx_hal_uart.o

.debug_str      0x00000000    0x8cd3c
 .debug_str     0x00000000    0x8cd3c ./Core/Src/comm.o
                              0x8888c (size before relaxing)
 .debug_str     0x0008cd3c    0x880ba ./Core/Src/control_loop.o
 .debug_str     0x0008cd3c    0x88444 ./Core/Src/dma.o
 .debug_str     0x0008cd3c    0x88632 ./Core/Src/encoder.o
 .debug_str     0x0008cd3c    0x88154 ./Core/Src/gpio.o
 .debug_str     0x0008cd3c    0x88a5a ./Core/Src/i2c.o
 .debug_str     0x0008cd3c    0x88b6e ./Core/Src/main.o
 .debug_str     0x0008cd3c    0x8876c ./Core/Src/motor_control.o
 .debug_str     0x0008cd3c     0x3e4f ./Core/Src/pid.o
 .debug_str     0x0008cd3c    0x88089 ./Core/Src/stm32f4xx_hal_msp.o
 .debug_str     0x0008cd3c    0x88bf9 ./Core/Src/stm32f4xx_it.o
 .debug_str     0x0008cd3c    0x87f87 ./Core/Src/system_stm32f4xx.o
 .debug_str     0x0008cd3c    0x88e16 ./Core/Src/tim.o
 .debug_str     0x0008cd3c    0x88a1d ./Core/Src/usart.o
 .debug_str     0x0008cd3c       0x7d ./Core/Startup/startup_stm32f401rctx.o
 .debug_str     0x0008cd3c    0x889a9 ./Drivers/STM32F4xx_HAL_Driver/Src/stm32f4xx_hal.o
 .debug_str     0x0008cd3c    0x88713 ./Drivers/STM32F4xx_HAL_Driver/Src/stm32f4xx_hal_cortex.o
 .debug_str     0x0008cd3c    0x8838f ./Drivers/STM32F4xx_HAL_Driver/Src/stm32f4xx_hal_dma.o
 .debug_str     0x0008cd3c    0x88102 ./Drivers/STM32F4xx_HAL_Driver/Src/stm32f4xx_hal_gpio.o
 .debug_str     0x0008cd3c    0x88f98 ./Drivers/STM32F4xx_HAL_Driver/Src/stm32f4xx_hal_i2c.o
 .debug_str     0x0008cd3c    0x883bb ./Drivers/STM32F4xx_HAL_Driver/Src/stm32f4xx_hal_rcc.o
 .debug_str     0x0008cd3c    0x892ff ./Drivers/STM32F4xx_HAL_Driver/Src/stm32f4xx_hal_tim.o
 .debug_str     0x0008cd3c    0x88b0b ./Drivers/STM32F4xx_HAL_Driver/Src/stm32f4xx_hal_tim_ex.o
 .debug_str     0x0008cd3c    0x8898a ./Drivers/STM32F4xx_HAL_Driver/Src/stm32f4xx_hal_uart.o

.comment        0x00000000       0x43
 .comment       0x00000000       0x43 ./Core/Src/comm.o
                                 0x44 (size before relaxing)
 .comment       0x00000043       0x44 ./Core/Src/control_loop.o
 .comment       0x00000043       0x44 ./Core/Src/dma.o
 .comment       0x00000043       0x44 ./Core/Src/encoder.o
 .comment       0x00000043       0x44 ./Core/Src/gpio.o
 .comment       0x00000043       0x44 ./Core/Src/i2c.o
 .comment       0x00000043       0x44 ./Core/Src/main.o
 .comment       0x00000043       0x44 ./Core/Src/motor_control.o
 .comment       0x00000043       0x44 ./Core/Src/pid.o
 .comment       0x00000043       0x44 ./Core/Src/stm32f4xx_hal_msp.o
 .comment       0x00000043       0x44 ./Core/Src/stm32f4xx_it.o
 .comment       0x00000043       0x44 ./Core/Src/system_stm32f4xx.o
 .comment       0x00000043       0x44 ./Core/Src/tim.o
 .comment       0x00000043       0x44 ./Core/Src/usart.o
 .comment       0x00000043       0x44 ./Drivers/STM32F4xx_HAL_Driver/Src/stm32f4xx_hal.o
 .comment       0x00000043       0x44 ./Drivers/STM32F4xx_HAL_Driver/Src/stm32f4xx_hal_cortex.o
 .comment       0x00000043       0x44 ./Drivers/STM32F4xx_HAL_Driver/Src/stm32f4xx_hal_dma.o
 .comment       0x00000043       0x44 ./Drivers/STM32F4xx_HAL_Driver/Src/stm32f4xx_hal_gpio.o
 .comment       0x00000043       0x44 ./Drivers/STM32F4xx_HAL_Driver/Src/stm32f4xx_hal_i2c.o
 .comment       0x00000043       0x44 ./Drivers/STM32F4xx_HAL_Driver/Src/stm32f4xx_hal_rcc.o
 .comment       0x00000043       0x44 ./Drivers/STM32F4xx_HAL_Driver/Src/stm32f4xx_hal_tim.o
 .comment       0x00000043       0x44 ./Drivers/STM32F4xx_HAL_Driver/Src/stm32f4xx_hal_tim_ex.o
 .comment       0x00000043       0x44 ./Drivers/STM32F4xx_HAL_Driver/Src/stm32f4xx_hal_uart.o

.debug_frame    0x00000000     0x47a8
 .debug_frame   0x00000000       0xe4 ./Core/Src/comm.o
 .debug_frame   0x000000e4       0xe8 ./Core/Src/control_loop.o
 .debug_frame   0x000001cc       0x34 ./Core/Src/dma.o
 .debug_frame   0x00000200       0xf8 ./Core/Src/encoder.o
 .debug_frame   0x000002f8       0x34 ./Core/Src/gpio.o
 .debug_frame   0x0000032c       0x74 ./Core/Src/i2c.o
 .debug_frame   0x000003a0       0x68 ./Core/Src/main.o
 .debug_frame   0x00000408      0x1a8 ./Core/Src/motor_control.o
 .debug_frame   0x000005b0       0xa8 ./Core/Src/pid.o
 .debug_frame   0x00000658       0x38 ./Core/Src/stm32f4xx_hal_msp.o
 .debug_frame   0x00000690      0x1ec ./Core/Src/stm32f4xx_it.o
 .debug_frame   0x0000087c       0x58 ./Core/Src/system_stm32f4xx.o
 .debug_frame   0x000008d4      0x1e0 ./Core/Src/tim.o
 .debug_frame   0x00000ab4       0x74 ./Core/Src/usart.o
 .debug_frame   0x00000b28      0x374 ./Drivers/STM32F4xx_HAL_Driver/Src/stm32f4xx_hal.o
 .debug_frame   0x00000e9c      0x508 ./Drivers/STM32F4xx_HAL_Driver/Src/stm32f4xx_hal_cortex.o
 .debug_frame   0x000013a4      0x250 ./Drivers/STM32F4xx_HAL_Driver/Src/stm32f4xx_hal_dma.o
 .debug_frame   0x000015f4      0x14c ./Drivers/STM32F4xx_HAL_Driver/Src/stm32f4xx_hal_gpio.o
 .debug_frame   0x00001740      0xc84 ./Drivers/STM32F4xx_HAL_Driver/Src/stm32f4xx_hal_i2c.o
 .debug_frame   0x000023c4      0x1f4 ./Drivers/STM32F4xx_HAL_Driver/Src/stm32f4xx_hal_rcc.o
 .debug_frame   0x000025b8     0x11b8 ./Drivers/STM32F4xx_HAL_Driver/Src/stm32f4xx_hal_tim.o
 .debug_frame   0x00003770      0x638 ./Drivers/STM32F4xx_HAL_Driver/Src/stm32f4xx_hal_tim_ex.o
 .debug_frame   0x00003da8      0x954 ./Drivers/STM32F4xx_HAL_Driver/Src/stm32f4xx_hal_uart.o
 .debug_frame   0x000046fc       0x20 C:/ST/STM32CubeIDE_1.13.1/STM32CubeIDE/plugins/com.st.stm32cube.ide.mcu.externaltools.gnu-tools-for-stm32.13.3.rel1.win32_1.0.0.202411081344/tools/bin/../lib/gcc/arm-none-eabi/13.3.1/../../../../arm-none-eabi/lib/thumb/v7e-m+fp/hard\libc_nano.a(libc_a-memset.o)
 .debug_frame   0x0000471c       0x2c C:/ST/STM32CubeIDE_1.13.1/STM32CubeIDE/plugins/com.st.stm32cube.ide.mcu.externaltools.gnu-tools-for-stm32.13.3.rel1.win32_1.0.0.202411081344/tools/bin/../lib/gcc/arm-none-eabi/13.3.1/../../../../arm-none-eabi/lib/thumb/v7e-m+fp/hard\libc_nano.a(libc_a-init.o)
 .debug_frame   0x00004748       0x2c C:/ST/STM32CubeIDE_1.13.1/STM32CubeIDE/plugins/com.st.stm32cube.ide.mcu.externaltools.gnu-tools-for-stm32.13.3.rel1.win32_1.0.0.202411081344/tools/bin/../lib/gcc/arm-none-eabi/13.3.1/thumb/v7e-m+fp/hard\libgcc.a(_aeabi_uldivmod.o)
 .debug_frame   0x00004774       0x34 C:/ST/STM32CubeIDE_1.13.1/STM32CubeIDE/plugins/com.st.stm32cube.ide.mcu.externaltools.gnu-tools-for-stm32.13.3.rel1.win32_1.0.0.202411081344/tools/bin/../lib/gcc/arm-none-eabi/13.3.1/thumb/v7e-m+fp/hard\libgcc.a(_udivmoddi4.o)

.debug_line_str
                0x00000000       0x61
 .debug_line_str
                0x00000000       0x61 ./Core/Startup/startup_stm32f401rctx.o
