../Core/Src/comm.c:27:16:crc8	24	static
../Core/Src/comm.c:40:16:build_frame	32	static
../Core/Src/comm.c:58:13:uart_tx	16	static
../Core/Src/comm.c:71:6:HAL_UART_TxCpltCallback	16	static
../Core/Src/comm.c:79:6:Comm_Init	8	static
../Core/Src/comm.c:87:13:Comm_ParseFrame	32	static
../Core/Src/comm.c:142:6:HAL_UARTEx_RxEventCallback	16	static
../Core/Src/comm.c:160:6:Comm_ProcessRx	16	static
../Core/Src/comm.c:170:6:Comm_TransmitFeedback	48	static
../Core/Src/comm.c:205:6:HAL_UART_ErrorCallback	16	static
