../Core/Src/tim.c:35:6:MX_TIM1_Init	80	static
../Core/Src/tim.c:107:6:MX_TIM2_Init	56	static
../Core/Src/tim.c:151:6:MX_TIM3_Init	56	static
../Core/Src/tim.c:195:6:MX_TIM4_Init	56	static
../Core/Src/tim.c:239:6:MX_TIM5_Init	56	static
../Core/Src/tim.c:283:6:MX_TIM10_Init	8	static
../Core/Src/tim.c:309:6:HAL_TIM_PWM_MspInit	24	static
../Core/Src/tim.c:331:6:HAL_TIM_Encoder_MspInit	72	static
../Core/Src/tim.c:441:6:HAL_TIM_Base_MspInit	24	static
../Core/Src/tim.c:460:6:HAL_TIM_MspPostInit	40	static
../Core/Src/tim.c:491:6:HAL_TIM_PWM_MspDeInit	16	static
../Core/Src/tim.c:518:6:HAL_TIM_Encoder_MspDeInit	16	static
../Core/Src/tim.c:597:6:HAL_TIM_Base_MspDeInit	16	static
