16:38:47 **** Incremental Build of configuration Debug for project Session ****
make -j12 all 
arm-none-eabi-gcc "../Src/main.c" -mcpu=cortex-m3 -std=gnu11 -g3 -DDEBUG -DSTM32 -DSTM32F1 -DSTM32F103C8Tx -c -I../Inc -I"C:/Users/brbar/Documents/GitHub/STM32F103C8XXX_2" -O0 -ffunction-sections -fdata-sections -Wall -fstack-usage -fcyclomatic-complexity -MMD -MP -MF"Src/main.d" -MT"Src/main.o" --specs=nano.specs -mfloat-abi=soft -mthumb -o "Src/main.o"
arm-none-eabi-gcc -o "Session.elf" @"objects.list"   -mcpu=cortex-m3 -T"C:\Users\brbar\Documents\GitHub\STM32F103C8XXX_2\STM32F103C8TX_FLASH.ld" --specs=nosys.specs -Wl,-Map="Session.map" -Wl,--gc-sections -static --specs=nano.specs -mfloat-abi=soft -mthumb -Wl,--start-group -lc -lm -Wl,--end-group
Finished building target: Session.elf
 
arm-none-eabi-size   Session.elf 
arm-none-eabi-objdump -h -S  Session.elf  > "Session.list"
arm-none-eabi-objcopy  -O ihex  Session.elf  "Session.hex"
   text	   data	    bss	    dec	    hex	filename
   1284	      0	   1568	   2852	    b24	Session.elf
arm-none-eabi-objcopy  -O binary  Session.elf  "Session.bin"
Finished building: default.size.stdout
 
Finished building: Session.list
Finished building: Session.hex
Finished building: Session.bin
 
 
 

16:38:49 Build Finished. 0 errors, 0 warnings. (took 1s.396ms)

