22:26:35 **** Incremental Build of configuration Debug for project TEST_Hardware ****
make -j12 all 
arm-none-eabi-gcc "../Core/Src/main.c" -mcpu=cortex-m3 -std=gnu11 -g3 -DDEBUG -DUSE_HAL_DRIVER -DSTM32F103xB -c -I../Core/Inc -I../Drivers/STM32F1xx_HAL_Driver/Inc/Legacy -I../Drivers/STM32F1xx_HAL_Driver/Inc -I../Drivers/CMSIS/Device/ST/STM32F1xx/Include -I../Drivers/CMSIS/Include -I../Core/MCAL -I../Core/LIB -O0 -ffunction-sections -fdata-sections -Wall -fstack-usage -fcyclomatic-complexity -MMD -MP -MF"Core/Src/main.d" -MT"Core/Src/main.o" --specs=nano.specs -mfloat-abi=soft -mthumb -o "Core/Src/main.o"
arm-none-eabi-gcc -o "TEST_Hardware.elf" @"objects.list"   -mcpu=cortex-m3 -T"C:\Users\brbar\STM32CubeIDE\workspace_1.13.1\TEST_Hardware\STM32F103C8TX_FLASH.ld" --specs=nosys.specs -Wl,-Map="TEST_Hardware.map" -Wl,--gc-sections -static --specs=nano.specs -mfloat-abi=soft -mthumb -Wl,--start-group -lc -lm -Wl,--end-group
Finished building target: TEST_Hardware.elf
 
arm-none-eabi-size   TEST_Hardware.elf 
arm-none-eabi-objdump -h -S  TEST_Hardware.elf  > "TEST_Hardware.list"
arm-none-eabi-objcopy  -O ihex  TEST_Hardware.elf  "TEST_Hardware.hex"
arm-none-eabi-objcopy  -O binary  TEST_Hardware.elf  "TEST_Hardware.bin"
   text	   data	    bss	    dec	    hex	filename
   1436	     12	   1572	   3020	    bcc	TEST_Hardware.elf
Finished building: default.size.stdout
 
Finished building: TEST_Hardware.hex
Finished building: TEST_Hardware.list
Finished building: TEST_Hardware.bin
 
 
 

22:26:37 Build Finished. 0 errors, 0 warnings. (took 1s.259ms)

