01:44:53 **** Incremental Build of configuration Debug for project uart_trial ****
make -j12 all 
arm-none-eabi-gcc "../Core/Src/main.c" -mcpu=cortex-m3 -std=gnu11 -g3 -DDEBUG -DUSE_HAL_DRIVER -DSTM32F103xB -c -I../Core/Inc -I../Drivers/STM32F1xx_HAL_Driver/Inc/Legacy -I../Drivers/STM32F1xx_HAL_Driver/Inc -I../Drivers/CMSIS/Device/ST/STM32F1xx/Include -I../Drivers/CMSIS/Include -O0 -ffunction-sections -fdata-sections -Wall -fstack-usage -fcyclomatic-complexity -MMD -MP -MF"Core/Src/main.d" -MT"Core/Src/main.o" --specs=nano.specs -mfloat-abi=soft -mthumb -o "Core/Src/main.o"
arm-none-eabi-gcc -o "uart_trial.elf" @"objects.list"   -mcpu=cortex-m3 -T"C:\Users\brbar\STM32CubeIDE\workspace_1.13.1\uart_trial\STM32F103CBTX_FLASH.ld" --specs=nosys.specs -Wl,-Map="uart_trial.map" -Wl,--gc-sections -static --specs=nano.specs -mfloat-abi=soft -mthumb -u _printf_float -Wl,--start-group -lc -lm -Wl,--end-group
Finished building target: uart_trial.elf
 
arm-none-eabi-size  uart_trial.elf 
arm-none-eabi-objdump -h -S uart_trial.elf  > "uart_trial.list"
arm-none-eabi-objcopy  -O ihex uart_trial.elf  "uart_trial.hex"
   text	   data	    bss	    dec	    hex	filename
  28096	    468	   2108	  30672	   77d0	uart_trial.elf
arm-none-eabi-objcopy  -O binary uart_trial.elf  "uart_trial.bin"
Finished building: default.size.stdout
 
Finished building: uart_trial.hex
Finished building: uart_trial.bin
 
 
Finished building: uart_trial.list
 

01:44:54 Build Finished. 0 errors, 0 warnings. (took 1s.399ms)

