19:52:03 **** Incremental Build of configuration Debug for project yarab ****
make -j12 all 
arm-none-eabi-gcc "../Core/Src/motor_control.c" -mcpu=cortex-m4 -std=gnu11 -g3 -DDEBUG -DUSE_HAL_DRIVER -DSTM32F401xC -c -I../Core/Inc -I../Drivers/STM32F4xx_HAL_Driver/Inc -I../Drivers/STM32F4xx_HAL_Driver/Inc/Legacy -I../Drivers/CMSIS/Device/ST/STM32F4xx/Include -I../Drivers/CMSIS/Include -O0 -ffunction-sections -fdata-sections -Wall -fstack-usage -fcyclomatic-complexity -MMD -MP -MF"Core/Src/motor_control.d" -MT"Core/Src/motor_control.o" --specs=nano.specs -mfpu=fpv4-sp-d16 -mfloat-abi=hard -mthumb -o "Core/Src/motor_control.o"
arm-none-eabi-gcc -o "yarab.elf" @"objects.list"   -mcpu=cortex-m4 -T"C:\Users\brbar\STM32CubeIDE\workspace_1.13.1\RPOD-Chaser2\RPOD-Chaser\STM32F401RCTX_FLASH.ld" --specs=nosys.specs -Wl,-Map="yarab.map" -Wl,--gc-sections -static --specs=nano.specs -mfpu=fpv4-sp-d16 -mfloat-abi=hard -mthumb -Wl,--start-group -lc -lm -Wl,--end-group
Finished building target: yarab.elf
 
arm-none-eabi-size  yarab.elf 
arm-none-eabi-objdump -h -S yarab.elf  > "yarab.list"
arm-none-eabi-objcopy  -O ihex yarab.elf  "yarab.hex"
   text	   data	    bss	    dec	    hex	filename
  26352	     28	   2916	  29296	   7270	yarab.elf
arm-none-eabi-objcopy  -O binary yarab.elf  "yarab.bin"
Finished building: default.size.stdout
 
Finished building: yarab.hex
Finished building: yarab.bin
 
 
Finished building: yarab.list
 

19:52:04 Build Finished. 0 errors, 0 warnings. (took 1s.228ms)

